Component: ARM Compiler 5.06 update 5 (build 528) Tool: armlink [4d35e2]

==============================================================================

Section Cross References

    startup_stm32f334x8.o(RESET) refers to startup_stm32f334x8.o(STACK) for __initial_sp
    startup_stm32f334x8.o(RESET) refers to startup_stm32f334x8.o(.text) for Reset_Handler
    startup_stm32f334x8.o(RESET) refers to stm32f3xx_it.o(i.NMI_Handler) for NMI_Handler
    startup_stm32f334x8.o(RESET) refers to stm32f3xx_it.o(i.HardFault_Handler) for HardFault_Handler
    startup_stm32f334x8.o(RESET) refers to stm32f3xx_it.o(i.MemManage_Handler) for MemManage_Handler
    startup_stm32f334x8.o(RESET) refers to stm32f3xx_it.o(i.BusFault_Handler) for BusFault_Handler
    startup_stm32f334x8.o(RESET) refers to stm32f3xx_it.o(i.UsageFault_Handler) for UsageFault_Handler
    startup_stm32f334x8.o(RESET) refers to stm32f3xx_it.o(i.SVC_Handler) for SVC_Handler
    startup_stm32f334x8.o(RESET) refers to stm32f3xx_it.o(i.DebugMon_Handler) for DebugMon_Handler
    startup_stm32f334x8.o(RESET) refers to stm32f3xx_it.o(i.PendSV_Handler) for PendSV_Handler
    startup_stm32f334x8.o(RESET) refers to stm32f3xx_it.o(i.SysTick_Handler) for SysTick_Handler
    startup_stm32f334x8.o(RESET) refers to stm32f3xx_it.o(i.DMA1_Channel2_IRQHandler) for DMA1_Channel2_IRQHandler
    startup_stm32f334x8.o(RESET) refers to stm32f3xx_it.o(i.DMA1_Channel5_IRQHandler) for DMA1_Channel5_IRQHandler
    startup_stm32f334x8.o(RESET) refers to stm32f3xx_it.o(i.TIM1_UP_TIM16_IRQHandler) for TIM1_UP_TIM16_IRQHandler
    startup_stm32f334x8.o(RESET) refers to stm32f3xx_it.o(i.TIM1_TRG_COM_TIM17_IRQHandler) for TIM1_TRG_COM_TIM17_IRQHandler
    startup_stm32f334x8.o(RESET) refers to stm32f3xx_it.o(i.TIM3_IRQHandler) for TIM3_IRQHandler
    startup_stm32f334x8.o(RESET) refers to stm32f3xx_it.o(i.USART1_IRQHandler) for USART1_IRQHandler
    startup_stm32f334x8.o(RESET) refers to stm32f3xx_it.o(i.TIM6_DAC1_IRQHandler) for TIM6_DAC1_IRQHandler
    startup_stm32f334x8.o(.text) refers to system_stm32f3xx.o(i.SystemInit) for SystemInit
    startup_stm32f334x8.o(.text) refers to entry.o(.ARM.Collect$$$$00000000) for __main
    main.o(i.HAL_ADC_ErrorCallback) refers to log.o(i.Log_Print) for Log_Print
    main.o(i.HAL_TIM_PeriodElapsedCallback) refers to rotation_control.o(i.RotationControl_Process) for RotationControl_Process
    main.o(i.HAL_TIM_PeriodElapsedCallback) refers to motor_control.o(i.MotorControl_SpeedLoopUpdate) for MotorControl_SpeedLoopUpdate
    main.o(i.HAL_TIM_PeriodElapsedCallback) refers to motor_control.o(i.MotorControl_CurrentLoopUpdate) for MotorControl_CurrentLoopUpdate
    main.o(i.HAL_TIM_PeriodElapsedCallback) refers to main.o(.data) for .data
    main.o(i.SystemClock_Config) refers to memseta.o(.text) for __aeabi_memclr4
    main.o(i.SystemClock_Config) refers to stm32f3xx_hal_rcc.o(i.HAL_RCC_OscConfig) for HAL_RCC_OscConfig
    main.o(i.SystemClock_Config) refers to stm32f3xx_hal_rcc.o(i.HAL_RCC_ClockConfig) for HAL_RCC_ClockConfig
    main.o(i.SystemClock_Config) refers to stm32f3xx_hal_rcc_ex.o(i.HAL_RCCEx_PeriphCLKConfig) for HAL_RCCEx_PeriphCLKConfig
    main.o(i.main) refers to stm32f3xx_hal.o(i.HAL_Init) for HAL_Init
    main.o(i.main) refers to main.o(i.SystemClock_Config) for SystemClock_Config
    main.o(i.main) refers to gpio.o(i.MX_GPIO_Init) for MX_GPIO_Init
    main.o(i.main) refers to dma.o(i.MX_DMA_Init) for MX_DMA_Init
    main.o(i.main) refers to adc.o(i.MX_ADC2_Init) for MX_ADC2_Init
    main.o(i.main) refers to tim.o(i.MX_TIM1_Init) for MX_TIM1_Init
    main.o(i.main) refers to tim.o(i.MX_TIM2_Init) for MX_TIM2_Init
    main.o(i.main) refers to usart.o(i.MX_USART1_UART_Init) for MX_USART1_UART_Init
    main.o(i.main) refers to tim.o(i.MX_TIM3_Init) for MX_TIM3_Init
    main.o(i.main) refers to tim.o(i.MX_TIM6_Init) for MX_TIM6_Init
    main.o(i.main) refers to tim.o(i.MX_TIM17_Init) for MX_TIM17_Init
    main.o(i.main) refers to log.o(i.Log_Init) for Log_Init
    main.o(i.main) refers to at_command.o(i.AT_Init) for AT_Init
    main.o(i.main) refers to cmd_motor.o(i.MotorCmd_Init) for MotorCmd_Init
    main.o(i.main) refers to drv8870.o(i.MTD1_Init) for MTD1_Init
    main.o(i.main) refers to drv8870.o(i.MTD2_Init) for MTD2_Init
    main.o(i.main) refers to drv8870.o(i.MTD3_Init) for MTD3_Init
    main.o(i.main) refers to drv8870.o(i.MTD4_Init) for MTD4_Init
    main.o(i.main) refers to currentsense.o(i.CurrentSense_SetCalibration) for CurrentSense_SetCalibration
    main.o(i.main) refers to currentsense.o(i.CurrentSense_InitDMA) for CurrentSense_InitDMA
    main.o(i.main) refers to currentsense.o(i.CurrentSense_SetLPF_ByCutoff) for CurrentSense_SetLPF_ByCutoff
    main.o(i.main) refers to currentsense.o(i.CurrentSense_EnableLPF) for CurrentSense_EnableLPF
    main.o(i.main) refers to rotation_control.o(i.RotationControl_Init) for RotationControl_Init
[...]
    s_cal                                    0x20000050   Data          12  currentsense.o(.data)
    .data                                    0x2000005c   Section       16  drv8870.o(.data)
    htim_mtd1                                0x2000005c   Data           4  drv8870.o(.data)
    htim_mtd2                                0x20000060   Data           4  drv8870.o(.data)
    htim_mtd3                                0x20000064   Data           4  drv8870.o(.data)
    htim_mtd4                                0x20000068   Data           4  drv8870.o(.data)
    .data                                    0x2000006c   Section        8  log.o(.data)
    current_log_level                        0x2000006c   Data           1  log.o(.data)
    log_huart                                0x20000070   Data           4  log.o(.data)
    .data                                    0x20000074   Section       20  rotation_control.o(.data)
    current_position                         0x20000074   Data           1  rotation_control.o(.data)
    system_state                             0x20000075   Data           1  rotation_control.o(.data)
    current_step                             0x20000076   Data           1  rotation_control.o(.data)
    motor_running                            0x20000077   Data           1  rotation_control.o(.data)
    motor_direction                          0x20000078   Data           1  rotation_control.o(.data)
    position_reported                        0x20000079   Data           1  rotation_control.o(.data)
    motor_speed_percent                      0x2000007a   Data           1  rotation_control.o(.data)
    motor2_speed_percent                     0x2000007b   Data           1  rotation_control.o(.data)
    braking_active                           0x2000007c   Data           1  rotation_control.o(.data)
    braking_phase                            0x2000007d   Data           1  rotation_control.o(.data)
    remaining_cycles                         0x2000007e   Data           2  rotation_control.o(.data)
    hold_start_time                          0x20000080   Data           4  rotation_control.o(.data)
    braking_start_time                       0x20000084   Data           4  rotation_control.o(.data)
    .data                                    0x20000088   Section        4  motor_control.o(.data)
    last_debug_time                          0x20000088   Data           4  motor_control.o(.data)
    .bss                                     0x2000008c   Section      148  adc.o(.bss)
    .bss                                     0x20000120   Section      380  tim.o(.bss)
    .bss                                     0x2000029c   Section      204  usart.o(.bss)
    .bss                                     0x20000368   Section       32  stm32f3xx_hal_flash.o(.bss)
    .bss                                     0x20000388   Section     2144  cmd_motor.o(.bss)
    g_motor_pair_repeat                      0x20000388   Data         104  cmd_motor.o(.bss)
    g_motor_pair_custom                      0x200003f0   Data         712  cmd_motor.o(.bss)
    g_motor_custom                           0x200006b8   Data         768  cmd_motor.o(.bss)
    g_motor_run                              0x200009b8   Data          64  cmd_motor.o(.bss)
    g_motor_repeat                           0x200009f8   Data         144  cmd_motor.o(.bss)
    g_status_upload                          0x20000a88   Data          64  cmd_motor.o(.bss)
    .bss                                     0x20000be8   Section     2048  at_command.o(.bss)
    at_rx_buffer                             0x20000be8   Data        1024  at_command.o(.bss)
    at_cmd_buffer                            0x20000fe8   Data        1024  at_command.o(.bss)
    .bss                                     0x200013e8   Section       64  currentsense.o(.bss)
    buffer                                   0x20001408   Data          32  currentsense.o(.bss)
    .bss                                     0x20001428   Section      112  drv8870.o(.bss)
    soft_start_states                        0x20001428   Data         112  drv8870.o(.bss)
    .bss                                     0x20001498   Section       64  rotation_control.o(.bss)
    photo_switch1                            0x20001498   Data          15  rotation_control.o(.bss)
    photo_switch2                            0x200014a7   Data          15  rotation_control.o(.bss)
    step_hold_times                          0x200014b8   Data          32  rotation_control.o(.bss)
    .bss                                     0x200014d8   Section      448  motor_control.o(.bss)
    STACK                                    0x20001698   Section     1024  startup_stm32f334x8.o(STACK)

    Global Symbols

    Symbol Name                              Value     Ov Type        Size  Object(Section)

    BuildAttributes$$THM_ISAv4$E$P$D$K$B$S$7EM$VFPi3$EXTD16$VFPS$VFMA$PE$A:L22UL41UL21$X:L11$S22US41US21$IEEE1$IW$USESV6$~STKCKD$USESV7$~SHL$OTIME$ROPI$EBA8$MICROLIB$REQ8$PRES8$EABIv2 0x00000000   Number         0  anon$$obj.o ABSOLUTE
    __ARM_use_no_argv                        0x00000000   Number         0  main.o ABSOLUTE
    _printf_a                                0x00000000   Number         0  stubs.o ABSOLUTE
    _printf_c                                0x00000000   Number         0  stubs.o ABSOLUTE
    _printf_charcount                        0x00000000   Number         0  stubs.o ABSOLUTE
    _printf_d                                0x00000000   Number         0  stubs.o ABSOLUTE
    _printf_e                                0x00000000   Number         0  stubs.o ABSOLUTE
    _printf_f                                0x00000000   Number         0  stubs.o ABSOLUTE
    _printf_flags                            0x00000000   Number         0  stubs.o ABSOLUTE
    _printf_fp_dec                           0x00000000   Number         0  stubs.o ABSOLUTE
    _printf_fp_hex                           0x00000000   Number         0  stubs.o ABSOLUTE
    _printf_g                                0x00000000   Number         0  stubs.o ABSOLUTE
    _printf_i                                0x00000000   Number         0  stubs.o ABSOLUTE
    _printf_int_dec                          0x00000000   Number         0  stubs.o ABSOLUTE
    _printf_l                                0x00000000   Number         0  stubs.o ABSOLUTE
    _printf_lc                               0x00000000   Number         0  stubs.o ABSOLUTE
    _printf_ll                               0x00000000   Number         0  stubs.o ABSOLUTE
    _printf_lld                              0x00000000   Number         0  stubs.o ABSOLUTE
    _printf_lli                              0x00000000   Number         0  stubs.o ABSOLUTE
    _printf_llo                              0x00000000   Number         0  stubs.o ABSOLUTE
    _printf_llu                              0x00000000   Number         0  stubs.o ABSOLUTE
    _printf_llx                              0x00000000   Number         0  stubs.o ABSOLUTE
    _printf_longlong_dec                     0x00000000   Number         0  stubs.o ABSOLUTE
    _printf_longlong_hex                     0x00000000   Number         0  stubs.o ABSOLUTE
    _printf_longlong_oct                     0x00000000   Number         0  stubs.o ABSOLUTE
    _printf_ls                               0x00000000   Number         0  stubs.o ABSOLUTE
    _printf_mbtowc                           0x00000000   Number         0  stubs.o ABSOLUTE
    _printf_n                                0x00000000   Number         0  stubs.o ABSOLUTE
    _printf_o                                0x00000000   Number         0  stubs.o ABSOLUTE
    _printf_p                                0x00000000   Number         0  stubs.o ABSOLUTE
    _printf_percent                          0x00000000   Number         0  stubs.o ABSOLUTE
    _printf_pre_padding                      0x00000000   Number         0  stubs.o ABSOLUTE
    _printf_return_value                     0x00000000   Number         0  stubs.o ABSOLUTE
    _printf_s                                0x00000000   Number         0  stubs.o ABSOLUTE
    _printf_sizespec                         0x00000000   Number         0  stubs.o ABSOLUTE
    _printf_str                              0x00000000   Number         0  stubs.o ABSOLUTE
    _printf_truncate_signed                  0x00000000   Number         0  stubs.o ABSOLUTE
    _printf_truncate_unsigned                0x00000000   Number         0  stubs.o ABSOLUTE
    _printf_u                                0x00000000   Number         0  stubs.o ABSOLUTE
    _printf_wc                               0x00000000   Number         0  stubs.o ABSOLUTE
    _printf_wctomb                           0x00000000   Number         0  stubs.o ABSOLUTE
    _printf_widthprec                        0x00000000   Number         0  stubs.o ABSOLUTE
    _printf_x                                0x00000000   Number         0  stubs.o ABSOLUTE
    __cpp_initialize__aeabi_                  - Undefined Weak Reference
    __cxa_finalize                            - Undefined Weak Reference
    __decompress                              - Undefined Weak Reference
    _clock_init                               - Undefined Weak Reference
    _microlib_exit                            - Undefined Weak Reference
    _scanf_longlong                           - Undefined Weak Reference
    _scanf_string                             - Undefined Weak Reference
    __Vectors_Size                           0x00000188   Number         0  startup_stm32f334x8.o ABSOLUTE
    __Vectors                                0x08000000   Data           4  startup_stm32f334x8.o(RESET)
    __Vectors_End                            0x08000188   Data           0  startup_stm32f334x8.o(RESET)
    __main                                   0x08000189   Thumb Code     0  entry.o(.ARM.Collect$$$$00000000)
    _main_stk                                0x08000189   Thumb Code     0  entry2.o(.ARM.Collect$$$$00000001)
    _main_scatterload                        0x0800018d   Thumb Code     0  entry5.o(.ARM.Collect$$$$00000004)
    __main_after_scatterload                 0x08000191   Thumb Code     0  entry5.o(.ARM.Collect$$$$00000004)
    _main_clock                              0x08000191   Thumb Code     0  entry7b.o(.ARM.Collect$$$$00000008)
    _main_cpp_init                           0x08000191   Thumb Code     0  entry8b.o(.ARM.Collect$$$$0000000A)
    _main_init                               0x08000191   Thumb Code     0  entry9a.o(.ARM.Collect$$$$0000000B)
    __rt_final_cpp                           0x08000199   Thumb Code     0  entry10a.o(.ARM.Collect$$$$0000000D)
    __rt_final_exit                          0x08000199   Thumb Code     0  entry11a.o(.ARM.Collect$$$$0000000F)
    Reset_Handler                            0x0800019d   Thumb Code     8  startup_stm32f334x8.o(.text)
    ADC1_2_IRQHandler                        0x080001b7   Thumb Code     0  startup_stm32f334x8.o(.text)
    CAN_RX0_IRQHandler                       0x080001b7   Thumb Code     0  startup_stm32f334x8.o(.text)
    CAN_RX1_IRQHandler                       0x080001b7   Thumb Code     0  startup_stm32f334x8.o(.text)
    CAN_SCE_IRQHandler                       0x080001b7   Thumb Code     0  startup_stm32f334x8.o(.text)
    CAN_TX_IRQHandler                        0x080001b7   Thumb Code     0  startup_stm32f334x8.o(.text)
    COMP2_IRQHandler                         0x080001b7   Thumb Code     0  startup_stm32f334x8.o(.text)
    COMP4_6_IRQHandler                       0x080001b7   Thumb Code     0  startup_stm32f334x8.o(.text)
    DMA1_Channel1_IRQHandler                 0x080001b7   Thumb Code     0  startup_stm32f334x8.o(.text)
    DMA1_Channel3_IRQHandler                 0x080001b7   Thumb Code     0  startup_stm32f334x8.o(.text)
    DMA1_Channel4_IRQHandler                 0x080001b7   Thumb Code     0  startup_stm32f334x8.o(.text)
    DMA1_Channel6_IRQHandler                 0x080001b7   Thumb Code     0  startup_stm32f334x8.o(.text)
    DMA1_Channel7_IRQHandler                 0x080001b7   Thumb Code     0  startup_stm32f334x8.o(.text)
    EXTI0_IRQHandler                         0x080001b7   Thumb Code     0  startup_stm32f334x8.o(.text)
    EXTI15_10_IRQHandler                     0x080001b7   Thumb Code     0  startup_stm32f334x8.o(.text)
    EXTI1_IRQHandler                         0x080001b7   Thumb Code     0  startup_stm32f334x8.o(.text)
    EXTI2_TSC_IRQHandler                     0x080001b7   Thumb Code     0  startup_stm32f334x8.o(.text)
    EXTI3_IRQHandler                         0x080001b7   Thumb Code     0  startup_stm32f334x8.o(.text)
    EXTI4_IRQHandler                         0x080001b7   Thumb Code     0  startup_stm32f334x8.o(.text)
    EXTI9_5_IRQHandler                       0x080001b7   Thumb Code     0  startup_stm32f334x8.o(.text)
    FLASH_IRQHandler                         0x080001b7   Thumb Code     0  startup_stm32f334x8.o(.text)
    FPU_IRQHandler                           0x080001b7   Thumb Code     0  startup_stm32f334x8.o(.text)
    HRTIM1_FLT_IRQHandler                    0x080001b7   Thumb Code     0  startup_stm32f334x8.o(.text)
    HRTIM1_Master_IRQHandler                 0x080001b7   Thumb Code     0  startup_stm32f334x8.o(.text)
    HRTIM1_TIMA_IRQHandler                   0x080001b7   Thumb Code     0  startup_stm32f334x8.o(.text)
    HRTIM1_TIMB_IRQHandler                   0x080001b7   Thumb Code     0  startup_stm32f334x8.o(.text)
    HRTIM1_TIMC_IRQHandler                   0x080001b7   Thumb Code     0  startup_stm32f334x8.o(.text)
    HRTIM1_TIMD_IRQHandler                   0x080001b7   Thumb Code     0  startup_stm32f334x8.o(.text)
    HRTIM1_TIME_IRQHandler                   0x080001b7   Thumb Code     0  startup_stm32f334x8.o(.text)
    I2C1_ER_IRQHandler                       0x080001b7   Thumb Code     0  startup_stm32f334x8.o(.text)
    I2C1_EV_IRQHandler                       0x080001b7   Thumb Code     0  startup_stm32f334x8.o(.text)
    PVD_IRQHandler                           0x080001b7   Thumb Code     0  startup_stm32f334x8.o(.text)
    RCC_IRQHandler                           0x080001b7   Thumb Code     0  startup_stm32f334x8.o(.text)
    RTC_Alarm_IRQHandler                     0x080001b7   Thumb Code     0  startup_stm32f334x8.o(.text)
    RTC_WKUP_IRQHandler                      0x080001b7   Thumb Code     0  startup_stm32f334x8.o(.text)
    SPI1_IRQHandler                          0x080001b7   Thumb Code     0  startup_stm32f334x8.o(.text)
    TAMP_STAMP_IRQHandler                    0x080001b7   Thumb Code     0  startup_stm32f334x8.o(.text)
    TIM1_BRK_TIM15_IRQHandler                0x080001b7   Thumb Code     0  startup_stm32f334x8.o(.text)
    TIM1_CC_IRQHandler                       0x080001b7   Thumb Code     0  startup_stm32f334x8.o(.text)
    TIM2_IRQHandler                          0x080001b7   Thumb Code     0  startup_stm32f334x8.o(.text)
    TIM7_DAC2_IRQHandler                     0x080001b7   Thumb Code     0  startup_stm32f334x8.o(.text)
    USART2_IRQHandler                        0x080001b7   Thumb Code     0  startup_stm32f334x8.o(.text)
    USART3_IRQHandler                        0x080001b7   Thumb Code     0  startup_stm32f334x8.o(.text)
    WWDG_IRQHandler                          0x080001b7   Thumb Code     0  startup_stm32f334x8.o(.text)
    __aeabi_uldivmod                         0x080001c1   Thumb Code    98  uldiv.o(.text)
    __aeabi_llsr                             0x08000223   Thumb Code    32  llushr.o(.text)
    _ll_ushift_r                             0x08000223   Thumb Code     0  llushr.o(.text)
    __aeabi_memcpy                           0x08000243   Thumb Code    36  memcpya.o(.text)
    __aeabi_memcpy4                          0x08000243   Thumb Code     0  memcpya.o(.text)
    __aeabi_memcpy8                          0x08000243   Thumb Code     0  memcpya.o(.text)
    __aeabi_memset                           0x08000267   Thumb Code    14  memseta.o(.text)
    __aeabi_memset4                          0x08000267   Thumb Code     0  memseta.o(.text)
    __aeabi_memset8                          0x08000267   Thumb Code     0  memseta.o(.text)
    __aeabi_memclr                           0x08000275   Thumb Code     4  memseta.o(.text)
    __aeabi_memclr4                          0x08000275   Thumb Code     0  memseta.o(.text)
    __aeabi_memclr8                          0x08000275   Thumb Code     0  memseta.o(.text)
    _memset$wrapper                          0x08000279   Thumb Code    18  memseta.o(.text)
    strstr                                   0x0800028b   Thumb Code    36  strstr.o(.text)
    strchr                                   0x080002af   Thumb Code    20  strchr.o(.text)
    strlen                                   0x080002c3   Thumb Code    14  strlen.o(.text)
    strcmp                                   0x080002d1   Thumb Code    28  strcmp.o(.text)
    strcpy                                   0x080002ed   Thumb Code    18  strcpy.o(.text)
    strncmp                                  0x080002ff   Thumb Code    30  strncmp.o(.text)
    __0sscanf                                0x0800031d   Thumb Code    48  __0sscanf.o(.text)
    _scanf_int                               0x08000355   Thumb Code   332  _scanf_int.o(.text)
    _scanf_real                              0x080005c9   Thumb Code     0  scanf_fp.o(.text)
    _scanf_really_real                       0x080005c9   Thumb Code   556  scanf_fp.o(.text)
    __aeabi_f2d                              0x08000801   Thumb Code    38  f2d.o(.text)
    __aeabi_uidiv                            0x08000827   Thumb Code     0  uidiv.o(.text)
    __aeabi_uidivmod                         0x08000827   Thumb Code    44  uidiv.o(.text)
    __aeabi_llsl                             0x08000853   Thumb Code    30  llshl.o(.text)
    _ll_shift_l                              0x08000853   Thumb Code     0  llshl.o(.text)
    __rt_ctype_table                         0x08000871   Thumb Code     4  ctype_o.o(.text)
    isspace                                  0x08000879   Thumb Code    18  isspace_o.o(.text)
    _chval                                   0x0800088b   Thumb Code    28  _chval.o(.text)
    __vfscanf_char                           0x080008b5   Thumb Code    20  scanf_char.o(.text)
    _sgetc                                   0x080008d1   Thumb Code    30  _sgetc.o(.text)
    _sbackspace                              0x080008ef   Thumb Code    34  _sgetc.o(.text)
    __I$use$fp                               0x08000911   Thumb Code     0  iusefp.o(.text)
    __aeabi_dadd                             0x08000911   Thumb Code   322  dadd.o(.text)
    __aeabi_dsub                             0x08000a53   Thumb Code     6  dadd.o(.text)
    __aeabi_drsub                            0x08000a59   Thumb Code     6  dadd.o(.text)
    __aeabi_dmul                             0x08000a5f   Thumb Code   228  dmul.o(.text)
    __aeabi_ddiv                             0x08000b43   Thumb Code   222  ddiv.o(.text)
    __aeabi_ul2d                             0x08000c21   Thumb Code    24  dfltul.o(.text)
    __aeabi_d2ulz                            0x08000c39   Thumb Code    48  dfixul.o(.text)
    __aeabi_cdrcmple                         0x08000c69   Thumb Code    48  cdrcmple.o(.text)
    __aeabi_d2f                              0x08000c99   Thumb Code    56  d2f.o(.text)
    __scatterload                            0x08000cd1   Thumb Code    28  init.o(.text)
    __scatterload_rt2                        0x08000cd1   Thumb Code     0  init.o(.text)
    __aeabi_lasr                             0x08000cf5   Thumb Code    36  llsshr.o(.text)
    _ll_sshift_r                             0x08000cf5   Thumb Code     0  llsshr.o(.text)
    __vfscanf                                0x08000d19   Thumb Code   808  _scanf.o(.text)
    _float_round                             0x08001045   Thumb Code    18  fepilogue.o(.text)
    _float_epilogue                          0x08001057   Thumb Code    92  fepilogue.o(.text)
    _double_round                            0x080010b3   Thumb Code    30  depilogue.o(.text)
    _double_epilogue                         0x080010d1   Thumb Code   156  depilogue.o(.text)
    AT_Init                                  0x080012a5   Thumb Code    50  at_command.o(i.AT_Init)
    AT_MainLoopHandler                       0x080012e1   Thumb Code    26  at_command.o(i.AT_MainLoopHandler)
    AT_ProcessCommand                        0x08001305   Thumb Code   730  at_command.o(i.AT_ProcessCommand)
    AT_SendResponse                          0x08001805   Thumb Code    64  at_command.o(i.AT_SendResponse)
    AT_UART_IdleCallback                     0x08001849   Thumb Code   204  at_command.o(i.AT_UART_IdleCallback)
    AT_UART_RxCpltCallback                   0x08001a11   Thumb Code     2  at_command.o(i.AT_UART_RxCpltCallback)
    BusFault_Handler                         0x08001a95   Thumb Code     2  stm32f3xx_it.o(i.BusFault_Handler)
    CurrentSense_EnableLPF                   0x08001b75   Thumb Code    28  currentsense.o(i.CurrentSense_EnableLPF)
    CurrentSense_InitDMA                     0x08001b95   Thumb Code   114  currentsense.o(i.CurrentSense_InitDMA)
    CurrentSense_SetCalibration              0x08001d11   Thumb Code     8  currentsense.o(i.CurrentSense_SetCalibration)
    CurrentSense_SetLPF_ByAlpha              0x08001d1d   Thumb Code    62  currentsense.o(i.CurrentSense_SetLPF_ByAlpha)
    CurrentSense_SetLPF_ByCutoff             0x08001d65   Thumb Code    92  currentsense.o(i.CurrentSense_SetLPF_ByCutoff)
    DMA1_Channel2_IRQHandler                 0x08001dc9   Thumb Code     6  stm32f3xx_it.o(i.DMA1_Channel2_IRQHandler)
    DMA1_Channel5_IRQHandler                 0x08001dd5   Thumb Code     6  stm32f3xx_it.o(i.DMA1_Channel5_IRQHandler)
    DebugMon_Handler                         0x08001e2b   Thumb Code     2  stm32f3xx_it.o(i.DebugMon_Handler)
    Error_Handler                            0x08001e2d   Thumb Code     4  main.o(i.Error_Handler)
    FLASH_PageErase                          0x08001e55   Thumb Code    28  stm32f3xx_hal_flash_ex.o(i.FLASH_PageErase)
    FLASH_WaitForLastOperation               0x08001ec9   Thumb Code    74  stm32f3xx_hal_flash.o(i.FLASH_WaitForLastOperation)
    Flash_Init                               0x08001f19   Thumb Code    62  flash_storage.o(i.Flash_Init)
    Flash_ReadDeviceID                       0x08001fe1   Thumb Code    32  flash_storage.o(i.Flash_ReadDeviceID)
    Flash_WriteDeviceID                      0x08002009   Thumb Code   148  flash_storage.o(i.Flash_WriteDeviceID)
    HAL_ADCEx_Calibration_Start              0x08002165   Thumb Code   158  stm32f3xx_hal_adc_ex.o(i.HAL_ADCEx_Calibration_Start)
    HAL_ADC_ConfigChannel                    0x08002205   Thumb Code   828  stm32f3xx_hal_adc_ex.o(i.HAL_ADC_ConfigChannel)
    HAL_ADC_ConvCpltCallback                 0x08002555   Thumb Code   334  currentsense.o(i.HAL_ADC_ConvCpltCallback)
    HAL_ADC_ConvHalfCpltCallback             0x080026b1   Thumb Code     2  stm32f3xx_hal_adc.o(i.HAL_ADC_ConvHalfCpltCallback)
    HAL_ADC_ErrorCallback                    0x080026b5   Thumb Code    46  main.o(i.HAL_ADC_ErrorCallback)
    HAL_ADC_Init                             0x08002721   Thumb Code   460  stm32f3xx_hal_adc_ex.o(i.HAL_ADC_Init)
    HAL_ADC_MspInit                          0x08002905   Thumb Code   158  adc.o(i.HAL_ADC_MspInit)
    HAL_ADC_Start_DMA                        0x080029b9   Thumb Code   246  stm32f3xx_hal_adc_ex.o(i.HAL_ADC_Start_DMA)
    HAL_DMA_Abort                            0x08002ac1   Thumb Code    72  stm32f3xx_hal_dma.o(i.HAL_DMA_Abort)
    HAL_DMA_Abort_IT                         0x08002b09   Thumb Code    74  stm32f3xx_hal_dma.o(i.HAL_DMA_Abort_IT)
    HAL_DMA_GetError                         0x08002b53   Thumb Code     4  stm32f3xx_hal_dma.o(i.HAL_DMA_GetError)
    HAL_DMA_IRQHandler                       0x08002b57   Thumb Code   168  stm32f3xx_hal_dma.o(i.HAL_DMA_IRQHandler)
    HAL_DMA_Init                             0x08002bff   Thumb Code    78  stm32f3xx_hal_dma.o(i.HAL_DMA_Init)
    HAL_DMA_Start_IT                         0x08002c4d   Thumb Code   112  stm32f3xx_hal_dma.o(i.HAL_DMA_Start_IT)
    HAL_Delay                                0x08002cbd   Thumb Code    32  stm32f3xx_hal.o(i.HAL_Delay)
    HAL_FLASHEx_Erase                        0x08002ce1   Thumb Code   158  stm32f3xx_hal_flash_ex.o(i.HAL_FLASHEx_Erase)
    HAL_FLASH_Lock                           0x08002d89   Thumb Code    14  stm32f3xx_hal_flash.o(i.HAL_FLASH_Lock)
    HAL_FLASH_Program                        0x08002d9d   Thumb Code   120  stm32f3xx_hal_flash.o(i.HAL_FLASH_Program)
    HAL_FLASH_Unlock                         0x08002e1d   Thumb Code    28  stm32f3xx_hal_flash.o(i.HAL_FLASH_Unlock)
    HAL_GPIO_Init                            0x08002e45   Thumb Code   518  stm32f3xx_hal_gpio.o(i.HAL_GPIO_Init)
    HAL_GPIO_ReadPin                         0x08003065   Thumb Code    10  stm32f3xx_hal_gpio.o(i.HAL_GPIO_ReadPin)
    HAL_GPIO_WritePin                        0x0800306f   Thumb Code    10  stm32f3xx_hal_gpio.o(i.HAL_GPIO_WritePin)
    HAL_GetTick                              0x08003079   Thumb Code     6  stm32f3xx_hal.o(i.HAL_GetTick)
    HAL_IncTick                              0x08003085   Thumb Code    12  stm32f3xx_hal.o(i.HAL_IncTick)
    HAL_Init                                 0x08003095   Thumb Code    32  stm32f3xx_hal.o(i.HAL_Init)
    HAL_InitTick                             0x080030b9   Thumb Code    54  stm32f3xx_hal.o(i.HAL_InitTick)
    HAL_MspInit                              0x080030f9   Thumb Code    38  stm32f3xx_hal_msp.o(i.HAL_MspInit)
    HAL_NVIC_EnableIRQ                       0x08003125   Thumb Code    26  stm32f3xx_hal_cortex.o(i.HAL_NVIC_EnableIRQ)
    HAL_NVIC_SetPriority                     0x08003141   Thumb Code    60  stm32f3xx_hal_cortex.o(i.HAL_NVIC_SetPriority)
    HAL_NVIC_SetPriorityGrouping             0x08003181   Thumb Code    26  stm32f3xx_hal_cortex.o(i.HAL_NVIC_SetPriorityGrouping)
    HAL_RCCEx_PeriphCLKConfig                0x080031a5   Thumb Code   378  stm32f3xx_hal_rcc_ex.o(i.HAL_RCCEx_PeriphCLKConfig)
    HAL_RCC_ClockConfig                      0x0800332d   Thumb Code   308  stm32f3xx_hal_rcc.o(i.HAL_RCC_ClockConfig)
    HAL_RCC_GetPCLK1Freq                     0x08003475   Thumb Code    34  stm32f3xx_hal_rcc.o(i.HAL_RCC_GetPCLK1Freq)
    HAL_RCC_GetPCLK2Freq                     0x080034a5   Thumb Code    34  stm32f3xx_hal_rcc.o(i.HAL_RCC_GetPCLK2Freq)
    HAL_RCC_GetSysClockFreq                  0x080034d5   Thumb Code    64  stm32f3xx_hal_rcc.o(i.HAL_RCC_GetSysClockFreq)
    HAL_RCC_OscConfig                        0x08003525   Thumb Code  1480  stm32f3xx_hal_rcc.o(i.HAL_RCC_OscConfig)
    HAL_SYSTICK_Config                       0x08003aed   Thumb Code    40  stm32f3xx_hal_cortex.o(i.HAL_SYSTICK_Config)
    HAL_TIMEx_Break2Callback                 0x08003b15   Thumb Code     2  stm32f3xx_hal_tim_ex.o(i.HAL_TIMEx_Break2Callback)
    HAL_TIMEx_BreakCallback                  0x08003b17   Thumb Code     2  stm32f3xx_hal_tim_ex.o(i.HAL_TIMEx_BreakCallback)
    HAL_TIMEx_CommutCallback                 0x08003b19   Thumb Code     2  stm32f3xx_hal_tim_ex.o(i.HAL_TIMEx_CommutCallback)
    HAL_TIMEx_ConfigBreakDeadTime            0x08003b1d   Thumb Code   126  stm32f3xx_hal_tim_ex.o(i.HAL_TIMEx_ConfigBreakDeadTime)
    HAL_TIMEx_MasterConfigSynchronization    0x08003ba1   Thumb Code   104  stm32f3xx_hal_tim_ex.o(i.HAL_TIMEx_MasterConfigSynchronization)
    HAL_TIM_Base_Init                        0x08003c15   Thumb Code    98  stm32f3xx_hal_tim.o(i.HAL_TIM_Base_Init)
    HAL_TIM_Base_MspInit                     0x08003c79   Thumb Code   174  tim.o(i.HAL_TIM_Base_MspInit)
    HAL_TIM_Base_Start_IT                    0x08003d39   Thumb Code    82  stm32f3xx_hal_tim.o(i.HAL_TIM_Base_Start_IT)
    HAL_TIM_ConfigClockSource                0x08003d9d   Thumb Code   220  stm32f3xx_hal_tim.o(i.HAL_TIM_ConfigClockSource)
    HAL_TIM_IC_CaptureCallback               0x08003e7d   Thumb Code    36  stm32f3xx_it.o(i.HAL_TIM_IC_CaptureCallback)
    HAL_TIM_IC_ConfigChannel                 0x08003ea9   Thumb Code   292  stm32f3xx_hal_tim.o(i.HAL_TIM_IC_ConfigChannel)
    HAL_TIM_IC_Init                          0x08003fcd   Thumb Code    98  stm32f3xx_hal_tim.o(i.HAL_TIM_IC_Init)
    HAL_TIM_IC_MspInit                       0x0800402f   Thumb Code     2  stm32f3xx_hal_tim.o(i.HAL_TIM_IC_MspInit)
    HAL_TIM_IC_Start_IT                      0x08004031   Thumb Code   262  stm32f3xx_hal_tim.o(i.HAL_TIM_IC_Start_IT)
    HAL_TIM_IRQHandler                       0x08004149   Thumb Code   326  stm32f3xx_hal_tim.o(i.HAL_TIM_IRQHandler)
    HAL_TIM_MspPostInit                      0x08004291   Thumb Code   138  tim.o(i.HAL_TIM_MspPostInit)
    HAL_TIM_OC_DelayElapsedCallback          0x08004325   Thumb Code     2  stm32f3xx_hal_tim.o(i.HAL_TIM_OC_DelayElapsedCallback)
    HAL_TIM_PWM_ConfigChannel                0x08004327   Thumb Code   292  stm32f3xx_hal_tim.o(i.HAL_TIM_PWM_ConfigChannel)
    HAL_TIM_PWM_Init                         0x0800444b   Thumb Code    98  stm32f3xx_hal_tim.o(i.HAL_TIM_PWM_Init)
    HAL_TIM_PWM_MspInit                      0x080044ad   Thumb Code    88  tim.o(i.HAL_TIM_PWM_MspInit)
    HAL_TIM_PWM_PulseFinishedCallback        0x0800450d   Thumb Code     2  stm32f3xx_hal_tim.o(i.HAL_TIM_PWM_PulseFinishedCallback)
    HAL_TIM_PWM_Start                        0x08004511   Thumb Code   202  stm32f3xx_hal_tim.o(i.HAL_TIM_PWM_Start)
    HAL_TIM_PeriodElapsedCallback            0x080045f5   Thumb Code    56  main.o(i.HAL_TIM_PeriodElapsedCallback)
    HAL_TIM_ReadCapturedValue                0x08004639   Thumb Code    42  stm32f3xx_hal_tim.o(i.HAL_TIM_ReadCapturedValue)
    HAL_TIM_TriggerCallback                  0x08004663   Thumb Code     2  stm32f3xx_hal_tim.o(i.HAL_TIM_TriggerCallback)
    HAL_UARTEx_RxEventCallback               0x08004665   Thumb Code     2  stm32f3xx_hal_uart.o(i.HAL_UARTEx_RxEventCallback)
    HAL_UARTEx_WakeupCallback                0x08004667   Thumb Code     2  stm32f3xx_hal_uart_ex.o(i.HAL_UARTEx_WakeupCallback)
    HAL_UART_DMAStop                         0x08004669   Thumb Code   142  stm32f3xx_hal_uart.o(i.HAL_UART_DMAStop)
    HAL_UART_ErrorCallback                   0x080046f9   Thumb Code    42  at_command.o(i.HAL_UART_ErrorCallback)
    HAL_UART_IRQHandler                      0x0800472d   Thumb Code   686  stm32f3xx_hal_uart.o(i.HAL_UART_IRQHandler)
    HAL_UART_Init                            0x080049e5   Thumb Code   102  stm32f3xx_hal_uart.o(i.HAL_UART_Init)
    HAL_UART_MspInit                         0x08004a4d   Thumb Code   148  usart.o(i.HAL_UART_MspInit)
    HAL_UART_Receive_DMA                     0x08004af5   Thumb Code    60  stm32f3xx_hal_uart.o(i.HAL_UART_Receive_DMA)
    HAL_UART_RxCpltCallback                  0x08004b31   Thumb Code     4  stm32f3xx_it.o(i.HAL_UART_RxCpltCallback)
    HAL_UART_RxHalfCpltCallback              0x08004b35   Thumb Code     2  stm32f3xx_hal_uart.o(i.HAL_UART_RxHalfCpltCallback)
    HAL_UART_Transmit                        0x08004b37   Thumb Code   164  stm32f3xx_hal_uart.o(i.HAL_UART_Transmit)
    HAL_UART_TxCpltCallback                  0x08004bdb   Thumb Code     2  stm32f3xx_hal_uart.o(i.HAL_UART_TxCpltCallback)
    HardFault_Handler                        0x08004bdd   Thumb Code     2  stm32f3xx_it.o(i.HardFault_Handler)
    HuanQi_Start                             0x08004be1   Thumb Code    44  cmd_motor.o(i.HuanQi_Start)
    HuanQi_Stop                              0x08004c3d   Thumb Code    16  cmd_motor.o(i.HuanQi_Stop)
    Init_SpeedControl                        0x08004c69   Thumb Code    28  speed_sensor.o(i.Init_SpeedControl)
    Log_Init                                 0x08004cd1   Thumb Code     6  log.o(i.Log_Init)
    Log_Print                                0x08004cdd   Thumb Code    70  log.o(i.Log_Print)
    MTD1_Coast                               0x08004d29   Thumb Code    26  drv8870.o(i.MTD1_Coast)
    MTD1_Init                                0x08004d4d   Thumb Code    14  drv8870.o(i.MTD1_Init)
    MTD1_SetSpeedPercent                     0x08004d61   Thumb Code    20  drv8870.o(i.MTD1_SetSpeedPercent)
    MTD2_Coast                               0x08004d79   Thumb Code    30  drv8870.o(i.MTD2_Coast)
    MTD2_Init                                0x08004da1   Thumb Code    14  drv8870.o(i.MTD2_Init)
    MTD2_SetSpeedPercent                     0x08004db5   Thumb Code    22  drv8870.o(i.MTD2_SetSpeedPercent)
    MTD3_Coast                               0x08004dd1   Thumb Code    28  drv8870.o(i.MTD3_Coast)
    MTD3_Init                                0x08004df5   Thumb Code    14  drv8870.o(i.MTD3_Init)
    MTD3_SetSpeedPercent                     0x08004e09   Thumb Code    22  drv8870.o(i.MTD3_SetSpeedPercent)
    MTD4_Coast                               0x08004e25   Thumb Code    30  drv8870.o(i.MTD4_Coast)
    MTD4_Init                                0x08004e4d   Thumb Code    14  drv8870.o(i.MTD4_Init)
    MTD4_SetSpeedPercent                     0x08004e61   Thumb Code    22  drv8870.o(i.MTD4_SetSpeedPercent)
    MTD_ProcessSoftStart                     0x08004e7d   Thumb Code   376  drv8870.o(i.MTD_ProcessSoftStart)
    MTD_SetDirectionChangeDelay              0x08004ffd   Thumb Code    18  drv8870.o(i.MTD_SetDirectionChangeDelay)
    MTD_SetSoftStartConfig                   0x08005015   Thumb Code    20  drv8870.o(i.MTD_SetSoftStartConfig)
    MX_ADC2_Init                             0x0800502d   Thumb Code   166  adc.o(i.MX_ADC2_Init)
    MX_DMA_Init                              0x080050dd   Thumb Code    56  dma.o(i.MX_DMA_Init)
    MX_GPIO_Init                             0x08005119   Thumb Code   236  gpio.o(i.MX_GPIO_Init)
    MX_TIM17_Init                            0x08005211   Thumb Code    90  tim.o(i.MX_TIM17_Init)
    MX_TIM1_Init                             0x08005275   Thumb Code   216  tim.o(i.MX_TIM1_Init)
    MX_TIM2_Init                             0x08005355   Thumb Code   156  tim.o(i.MX_TIM2_Init)
    MX_TIM3_Init                             0x080053f5   Thumb Code    98  tim.o(i.MX_TIM3_Init)
    MX_TIM6_Init                             0x08005461   Thumb Code    60  tim.o(i.MX_TIM6_Init)
    MX_USART1_UART_Init                      0x080054a5   Thumb Code    52  usart.o(i.MX_USART1_UART_Init)
    MemManage_Handler                        0x0800551b   Thumb Code     2  stm32f3xx_it.o(i.MemManage_Handler)
    MotorCmd_AlarmValue                      0x0800551d   Thumb Code   100  cmd_motor.o(i.MotorCmd_AlarmValue)
    MotorCmd_Init                            0x080055bd   Thumb Code    28  cmd_motor.o(i.MotorCmd_Init)
    MotorCmd_PairRunCustom                   0x0800561d   Thumb Code   324  cmd_motor.o(i.MotorCmd_PairRunCustom)
    MotorCmd_PairRunRepeat                   0x080057a5   Thumb Code   356  cmd_motor.o(i.MotorCmd_PairRunRepeat)
    MotorCmd_PairStopCustom                  0x08005971   Thumb Code   108  cmd_motor.o(i.MotorCmd_PairStopCustom)
    MotorCmd_PairStopRepeat                  0x08005a35   Thumb Code   110  cmd_motor.o(i.MotorCmd_PairStopRepeat)
    MotorCmd_PeriodicHandler                 0x08005afd   Thumb Code  1514  cmd_motor.o(i.MotorCmd_PeriodicHandler)
    MotorCmd_QueryControlStatus              0x08006141   Thumb Code    84  cmd_motor.o(i.MotorCmd_QueryControlStatus)
    MotorCmd_QueryDevID                      0x080061c5   Thumb Code    16  cmd_motor.o(i.MotorCmd_QueryDevID)
    MotorCmd_QueryVersion                    0x080061ed   Thumb Code    14  cmd_motor.o(i.MotorCmd_QueryVersion)
    MotorCmd_Run                             0x08006219   Thumb Code   182  cmd_motor.o(i.MotorCmd_Run)
    MotorCmd_RunCustom                       0x08006309   Thumb Code   480  cmd_motor.o(i.MotorCmd_RunCustom)
    MotorCmd_RunRepeat                       0x0800674d   Thumb Code   232  cmd_motor.o(i.MotorCmd_RunRepeat)
    MotorCmd_SetControlMode                  0x08006885   Thumb Code    66  cmd_motor.o(i.MotorCmd_SetControlMode)
    MotorCmd_SetCurrentPID                   0x080068f5   Thumb Code   100  cmd_motor.o(i.MotorCmd_SetCurrentPID)
    MotorCmd_SetDevID                        0x08006991   Thumb Code    62  cmd_motor.o(i.MotorCmd_SetDevID)
    MotorCmd_SetEnable                       0x08006a1d   Thumb Code    74  cmd_motor.o(i.MotorCmd_SetEnable)
    MotorCmd_SetSpeedPID                     0x08006a91   Thumb Code   100  cmd_motor.o(i.MotorCmd_SetSpeedPID)
    MotorCmd_SetTargetSpeed                  0x08006b2d   Thumb Code    76  cmd_motor.o(i.MotorCmd_SetTargetSpeed)
    MotorCmd_SetTorque                       0x08006ba1   Thumb Code    84  cmd_motor.o(i.MotorCmd_SetTorque)
    MotorCmd_SetType                         0x08006c21   Thumb Code    80  cmd_motor.o(i.MotorCmd_SetType)
    MotorCmd_StatusQuery                     0x08006c9d   Thumb Code   116  cmd_motor.o(i.MotorCmd_StatusQuery)
    MotorCmd_StatusUpLoad                    0x08006d4d   Thumb Code    90  cmd_motor.o(i.MotorCmd_StatusUpLoad)
    MotorCmd_StatusUpLoadStop                0x08006db9   Thumb Code    68  cmd_motor.o(i.MotorCmd_StatusUpLoadStop)
    MotorCmd_Stop                            0x08006e31   Thumb Code    96  cmd_motor.o(i.MotorCmd_Stop)
    MotorCmd_StopCustom                      0x08006eb9   Thumb Code   108  cmd_motor.o(i.MotorCmd_StopCustom)
    MotorCmd_StopRepeat                      0x08006f75   Thumb Code   108  cmd_motor.o(i.MotorCmd_StopRepeat)
    MotorControl_AssignSpeedSensor           0x08007031   Thumb Code    32  motor_control.o(i.MotorControl_AssignSpeedSensor)
    MotorControl_CurrentLoopUpdate           0x08007081   Thumb Code    82  motor_control.o(i.MotorControl_CurrentLoopUpdate)
    MotorControl_Enable                      0x080070dd   Thumb Code    80  motor_control.o(i.MotorControl_Enable)
    MotorControl_GetStatus                   0x08007131   Thumb Code    24  motor_control.o(i.MotorControl_GetStatus)
    MotorControl_Init                        0x0800714d   Thumb Code   186  motor_control.o(i.MotorControl_Init)
    MotorControl_SetCurrent                  0x08007231   Thumb Code    58  motor_control.o(i.MotorControl_SetCurrent)
    MotorControl_SetCurrentPID               0x08007271   Thumb Code   120  motor_control.o(i.MotorControl_SetCurrentPID)
    MotorControl_SetMode                     0x08007331   Thumb Code   102  motor_control.o(i.MotorControl_SetMode)
    MotorControl_SetSpeed                    0x08007409   Thumb Code   104  motor_control.o(i.MotorControl_SetSpeed)
    MotorControl_SetSpeedPID                 0x080074b5   Thumb Code   120  motor_control.o(i.MotorControl_SetSpeedPID)
    MotorControl_SpeedLoopUpdate             0x08007575   Thumb Code   290  motor_control.o(i.MotorControl_SpeedLoopUpdate)
    NMI_Handler                              0x0800784d   Thumb Code     2  stm32f3xx_it.o(i.NMI_Handler)
    PendSV_Handler                           0x080078d7   Thumb Code     2  stm32f3xx_it.o(i.PendSV_Handler)
    RotationControl_Init                     0x080078e5   Thumb Code    82  rotation_control.o(i.RotationControl_Init)
    RotationControl_Process                  0x08007941   Thumb Code   626  rotation_control.o(i.RotationControl_Process)
    RotationControl_ReportPosition           0x08007c11   Thumb Code    60  rotation_control.o(i.RotationControl_ReportPosition)
    RotationControl_SetMotor2Speed           0x08007c71   Thumb Code    12  rotation_control.o(i.RotationControl_SetMotor2Speed)
    RotationControl_SetMotorSpeed            0x08007c81   Thumb Code    34  rotation_control.o(i.RotationControl_SetMotorSpeed)
    RotationControl_Start                    0x08007ca9   Thumb Code    48  rotation_control.o(i.RotationControl_Start)
    RotationControl_Stop                     0x08007ce1   Thumb Code    22  rotation_control.o(i.RotationControl_Stop)
    SVC_Handler                              0x08007cfd   Thumb Code     2  stm32f3xx_it.o(i.SVC_Handler)
    SpeedSensor_CaptureCallback              0x08007d25   Thumb Code   172  speed_sensor.o(i.SpeedSensor_CaptureCallback)
    SpeedSensor_GetRPM                       0x08007dd9   Thumb Code     6  speed_sensor.o(i.SpeedSensor_GetRPM)
    SpeedSensor_Init                         0x08007de1   Thumb Code   136  speed_sensor.o(i.SpeedSensor_Init)
    SpeedSensor_IsValid                      0x08007ea9   Thumb Code     4  speed_sensor.o(i.SpeedSensor_IsValid)
    SpeedSensor_Update                       0x08007ead   Thumb Code    36  speed_sensor.o(i.SpeedSensor_Update)
    SpeedSensors_Init                        0x08007ed5   Thumb Code    58  speed_sensor.o(i.SpeedSensors_Init)
    SysTick_Handler                          0x08007fd5   Thumb Code     4  stm32f3xx_it.o(i.SysTick_Handler)
    SystemClock_Config                       0x08007fd9   Thumb Code   130  main.o(i.SystemClock_Config)
    SystemInit                               0x0800805d   Thumb Code    12  system_stm32f3xx.o(i.SystemInit)
    TIM1_TRG_COM_TIM17_IRQHandler            0x0800806d   Thumb Code    18  stm32f3xx_it.o(i.TIM1_TRG_COM_TIM17_IRQHandler)
    TIM1_UP_TIM16_IRQHandler                 0x08008089   Thumb Code     6  stm32f3xx_it.o(i.TIM1_UP_TIM16_IRQHandler)
    TIM3_IRQHandler                          0x08008095   Thumb Code     6  stm32f3xx_it.o(i.TIM3_IRQHandler)
    TIM6_DAC1_IRQHandler                     0x080080a1   Thumb Code     6  stm32f3xx_it.o(i.TIM6_DAC1_IRQHandler)
    TIM_Base_SetConfig                       0x080080ad   Thumb Code   128  stm32f3xx_hal_tim.o(i.TIM_Base_SetConfig)
    TIM_CCxChannelCmd                        0x08008141   Thumb Code    26  stm32f3xx_hal_tim.o(i.TIM_CCxChannelCmd)
    TIM_ETR_SetConfig                        0x0800815b   Thumb Code    20  stm32f3xx_hal_tim.o(i.TIM_ETR_SetConfig)
    TIM_OC2_SetConfig                        0x08008209   Thumb Code   108  stm32f3xx_hal_tim.o(i.TIM_OC2_SetConfig)
    TIM_TI1_SetConfig                        0x08008465   Thumb Code    76  stm32f3xx_hal_tim.o(i.TIM_TI1_SetConfig)
    UART_AdvFeatureConfig                    0x08008517   Thumb Code   200  stm32f3xx_hal_uart.o(i.UART_AdvFeatureConfig)
    UART_CheckIdleState                      0x080085df   Thumb Code   168  stm32f3xx_hal_uart.o(i.UART_CheckIdleState)
    UART_SetConfig                           0x080087f1   Thumb Code   296  stm32f3xx_hal_uart.o(i.UART_SetConfig)
    UART_Start_Receive_DMA                   0x08008931   Thumb Code   146  stm32f3xx_hal_uart.o(i.UART_Start_Receive_DMA)
    UART_WaitOnFlagUntilTimeout              0x080089d1   Thumb Code   148  stm32f3xx_hal_uart.o(i.UART_WaitOnFlagUntilTimeout)
    USART1_IRQHandler                        0x08008a65   Thumb Code    32  stm32f3xx_it.o(i.USART1_IRQHandler)
    UsageFault_Handler                       0x08008ac3   Thumb Code     2  stm32f3xx_it.o(i.UsageFault_Handler)
    __0sprintf                               0x08008ac5   Thumb Code    34  printfa.o(i.__0sprintf)
    __1sprintf                               0x08008ac5   Thumb Code     0  printfa.o(i.__0sprintf)
    __2sprintf                               0x08008ac5   Thumb Code     0  printfa.o(i.__0sprintf)
    __c89sprintf                             0x08008ac5   Thumb Code     0  printfa.o(i.__0sprintf)
    sprintf                                  0x08008ac5   Thumb Code     0  printfa.o(i.__0sprintf)
    __0vsnprintf                             0x08008aed   Thumb Code    40  printfa.o(i.__0vsnprintf)
    __1vsnprintf                             0x08008aed   Thumb Code     0  printfa.o(i.__0vsnprintf)
    __2vsnprintf                             0x08008aed   Thumb Code     0  printfa.o(i.__0vsnprintf)
    __c89vsnprintf                           0x08008aed   Thumb Code     0  printfa.o(i.__0vsnprintf)
    vsnprintf                                0x08008aed   Thumb Code     0  printfa.o(i.__0vsnprintf)
    __scatterload_copy                       0x08008b39   Thumb Code    14  handlers.o(i.__scatterload_copy)
    __scatterload_null                       0x08008b47   Thumb Code     2  handlers.o(i.__scatterload_null)
    __scatterload_zeroinit                   0x08008b49   Thumb Code    14  handlers.o(i.__scatterload_zeroinit)
    _is_digit                                0x08008cdd   Thumb Code    14  scanf_fp.o(i._is_digit)
    main                                     0x08009449   Thumb Code   212  main.o(i.main)
    AHBPrescTable                            0x08009724   Data          16  system_stm32f3xx.o(.constdata)
    APBPrescTable                            0x08009734   Data           8  system_stm32f3xx.o(.constdata)
    __ctype_table                            0x08009780   Data         129  ctype_o.o(.constdata)
    Region$$Table$$Base                      0x08009a8c   Number         0  anon$$obj.o(Region$$Table)
    Region$$Table$$Limit                     0x08009aac   Number         0  anon$$obj.o(Region$$Table)
    uwTickFreq                               0x20000004   Data           1  stm32f3xx_hal.o(.data)
    uwTickPrio                               0x20000008   Data           4  stm32f3xx_hal.o(.data)
    uwTick                                   0x2000000c   Data           4  stm32f3xx_hal.o(.data)
    SystemCoreClock                          0x20000010   Data           4  system_stm32f3xx.o(.data)
    g_device_id                              0x20000016   Data           2  cmd_motor.o(.data)
    g_curr_raw                               0x20000048   Data           8  currentsense.o(.data)
    hadc2                                    0x2000008c   Data          80  adc.o(.bss)
    hdma_adc2                                0x200000dc   Data          68  adc.o(.bss)
    htim1                                    0x20000120   Data          76  tim.o(.bss)
    htim2                                    0x2000016c   Data          76  tim.o(.bss)
    htim3                                    0x200001b8   Data          76  tim.o(.bss)
    htim6                                    0x20000204   Data          76  tim.o(.bss)
    htim17                                   0x20000250   Data          76  tim.o(.bss)
    huart1                                   0x2000029c   Data         136  usart.o(.bss)
    hdma_usart1_rx                           0x20000324   Data          68  usart.o(.bss)
    pFlash                                   0x20000368   Data          32  stm32f3xx_hal_flash.o(.bss)
    g_speed_sensors                          0x20000ac8   Data         288  cmd_motor.o(.bss)
    g_curr_amp                               0x200013e8   Data          16  currentsense.o(.bss)
    g_curr_amp_filt                          0x200013f8   Data          16  currentsense.o(.bss)
    mtd_current_pwm                          0x200014d8   Data          16  motor_control.o(.bss)
    motor_control                            0x200014e8   Data         432  motor_control.o(.bss)
    __initial_sp                             0x20001a98   Data           0  startup_stm32f334x8.o(STACK)



==============================================================================

Memory Map of the image

  Image Entry point : 0x08000189

  Load Region LR_IROM1 (Base: 0x08000000, Size: 0x00009b38, Max: 0x00010000, ABSOLUTE)

    Execution Region ER_IROM1 (Exec base: 0x08000000, Load base: 0x08000000, Size: 0x00009aac, Max: 0x00010000, ABSOLUTE)

    Exec Addr    Load Addr    Size         Type   Attr      Idx    E Section Name        Object

    0x08000000   0x08000000   0x00000188   Data   RO            3    RESET               startup_stm32f334x8.o
    0x08000188   0x08000188   0x00000000   Code   RO         5081  * .ARM.Collect$$$$00000000  mc_w.l(entry.o)
    0x08000188   0x08000188   0x00000004   Code   RO         5381    .ARM.Collect$$$$00000001  mc_w.l(entry2.o)
    0x0800018c   0x0800018c   0x00000004   Code   RO         5384    .ARM.Collect$$$$00000004  mc_w.l(entry5.o)
    0x08000190   0x08000190   0x00000000   Code   RO         5386    .ARM.Collect$$$$00000008  mc_w.l(entry7b.o)
    0x08000190   0x08000190   0x00000000   Code   RO         5388    .ARM.Collect$$$$0000000A  mc_w.l(entry8b.o)
    0x08000190   0x08000190   0x00000008   Code   RO         5389    .ARM.Collect$$$$0000000B  mc_w.l(entry9a.o)
    0x08000198   0x08000198   0x00000000   Code   RO         5391    .ARM.Collect$$$$0000000D  mc_w.l(entry10a.o)
    0x08000198   0x08000198   0x00000000   Code   RO         5393    .ARM.Collect$$$$0000000F  mc_w.l(entry11a.o)
    0x08000198   0x08000198   0x00000004   Code   RO         5382    .ARM.Collect$$$$00002712  mc_w.l(entry2.o)
    0x0800019c   0x0800019c   0x00000024   Code   RO            4    .text               startup_stm32f334x8.o
    0x080001c0   0x080001c0   0x00000062   Code   RO         5084    .text               mc_w.l(uldiv.o)
    0x08000222   0x08000222   0x00000020   Code   RO         5086    .text               mc_w.l(llushr.o)
    0x08000242   0x08000242   0x00000024   Code   RO         5088    .text               mc_w.l(memcpya.o)
    0x08000266   0x08000266   0x00000024   Code   RO         5090    .text               mc_w.l(memseta.o)
    0x0800028a   0x0800028a   0x00000024   Code   RO         5092    .text               mc_w.l(strstr.o)
    0x080002ae   0x080002ae   0x00000014   Code   RO         5096    .text               mc_w.l(strchr.o)
    0x080002c2   0x080002c2   0x0000000e   Code   RO         5098    .text               mc_w.l(strlen.o)
    0x080002d0   0x080002d0   0x0000001c   Code   RO         5100    .text               mc_w.l(strcmp.o)
    0x080002ec   0x080002ec   0x00000012   Code   RO         5102    .text               mc_w.l(strcpy.o)
    0x080002fe   0x080002fe   0x0000001e   Code   RO         5104    .text               mc_w.l(strncmp.o)
    0x0800031c   0x0800031c   0x00000038   Code   RO         5369    .text               mc_w.l(__0sscanf.o)
    0x08000354   0x08000354   0x0000014c   Code   RO         5371    .text               mc_w.l(_scanf_int.o)
    0x080004a0   0x080004a0   0x00000360   Code   RO         5373    .text               mc_w.l(scanf_fp.o)
    0x08000800   0x08000800   0x00000026   Code   RO         5379    .text               mf_w.l(f2d.o)
    0x08000826   0x08000826   0x0000002c   Code   RO         5398    .text               mc_w.l(uidiv.o)
    0x08000852   0x08000852   0x0000001e   Code   RO         5400    .text               mc_w.l(llshl.o)
    0x08000870   0x08000870   0x00000008   Code   RO         5402    .text               mc_w.l(ctype_o.o)
    0x08000878   0x08000878   0x00000012   Code   RO         5424    .text               mc_w.l(isspace_o.o)
    0x0800088a   0x0800088a   0x0000001c   Code   RO         5437    .text               mc_w.l(_chval.o)
    0x080008a6   0x080008a6   0x00000002   PAD
    0x080008a8   0x080008a8   0x00000028   Code   RO         5439    .text               mc_w.l(scanf_char.o)
    0x080008d0   0x080008d0   0x00000040   Code   RO         5441    .text               mc_w.l(_sgetc.o)
    0x08000910   0x08000910   0x00000000   Code   RO         5445    .text               mc_w.l(iusefp.o)
    0x08000910   0x08000910   0x0000014e   Code   RO         5446    .text               mf_w.l(dadd.o)
    0x08000a5e   0x08000a5e   0x000000e4   Code   RO         5448    .text               mf_w.l(dmul.o)
    0x08000b42   0x08000b42   0x000000de   Code   RO         5450    .text               mf_w.l(ddiv.o)
    0x08000c20   0x08000c20   0x00000018   Code   RO         5452    .text               mf_w.l(dfltul.o)
    0x08000c38   0x08000c38   0x00000030   Code   RO         5454    .text               mf_w.l(dfixul.o)
    0x08000c68   0x08000c68   0x00000030   Code   RO         5456    .text               mf_w.l(cdrcmple.o)
    0x08000c98   0x08000c98   0x00000038   Code   RO         5458    .text               mf_w.l(d2f.o)
    0x08000cd0   0x08000cd0   0x00000024   Code   RO         5460    .text               mc_w.l(init.o)
    0x08000cf4   0x08000cf4   0x00000024   Code   RO         5463    .text               mc_w.l(llsshr.o)
    0x08000d18   0x08000d18   0x0000032c   Code   RO         5467    .text               mc_w.l(_scanf.o)
    0x08001044   0x08001044   0x0000006e   Code   RO         5470    .text               mf_w.l(fepilogue.o)
    0x080010b2   0x080010b2   0x000000ba   Code   RO         5472    .text               mf_w.l(depilogue.o)
    0x0800116c   0x0800116c   0x00000044   Code   RO          747    i.ADC_DMAConvCplt   stm32f3xx_hal_adc_ex.o
    0x080011b0   0x080011b0   0x00000016   Code   RO          748    i.ADC_DMAError      stm32f3xx_hal_adc_ex.o
    0x080011c6   0x080011c6   0x00000006   Code   RO          749    i.ADC_DMAHalfConvCplt  stm32f3xx_hal_adc_ex.o
    0x080011cc   0x080011cc   0x0000006a   Code   RO          750    i.ADC_Disable       stm32f3xx_hal_adc_ex.o
    0x08001236   0x08001236   0x00000002   PAD
    0x08001238   0x08001238   0x0000006c   Code   RO          751    i.ADC_Enable        stm32f3xx_hal_adc_ex.o
    0x080012a4   0x080012a4   0x0000003c   Code   RO         4319    i.AT_Init           at_command.o
    0x080012e0   0x080012e0   0x00000024   Code   RO         4320    i.AT_MainLoopHandler  at_command.o
    0x08001304   0x08001304   0x00000500   Code   RO         4321    i.AT_ProcessCommand  at_command.o
    0x08001804   0x08001804   0x00000044   Code   RO         4323    i.AT_SendResponse   at_command.o
    0x08001848   0x08001848   0x000001c8   Code   RO         4324    i.AT_UART_IdleCallback  at_command.o
    0x08001a10   0x08001a10   0x00000002   Code   RO         4325    i.AT_UART_RxCpltCallback  at_command.o
    0x08001a12   0x08001a12   0x00000002   PAD
    0x08001a14   0x08001a14   0x00000080   Code   RO         4834    i.ApplyMotorOutput  motor_control.o
    0x08001a94   0x08001a94   0x00000002   Code   RO          442    i.BusFault_Handler  stm32f3xx_it.o
    0x08001a96   0x08001a96   0x0000002e   Code   RO         5039    i.CalculateCRC      flash_storage.o
    0x08001ac4   0x08001ac4   0x000000b0   Code   RO         4073    i.CheckDeviceAndMotor  cmd_motor.o
    0x08001b74   0x08001b74   0x00000020   Code   RO         4397    i.CurrentSense_EnableLPF  currentsense.o
    0x08001b94   0x08001b94   0x0000017c   Code   RO         4399    i.CurrentSense_InitDMA  currentsense.o
    0x08001d10   0x08001d10   0x0000000c   Code   RO         4402    i.CurrentSense_SetCalibration  currentsense.o
    0x08001d1c   0x08001d1c   0x00000048   Code   RO         4403    i.CurrentSense_SetLPF_ByAlpha  currentsense.o
    0x08001d64   0x08001d64   0x00000064   Code   RO         4404    i.CurrentSense_SetLPF_ByCutoff  currentsense.o
    0x08001dc8   0x08001dc8   0x0000000c   Code   RO          443    i.DMA1_Channel2_IRQHandler  stm32f3xx_it.o
    0x08001dd4   0x08001dd4   0x0000000c   Code   RO          444    i.DMA1_Channel5_IRQHandler  stm32f3xx_it.o
    0x08001de0   0x08001de0   0x00000020   Code   RO         1396    i.DMA_CalcBaseAndBitshift  stm32f3xx_hal_dma.o
    0x08001e00   0x08001e00   0x0000002a   Code   RO         1397    i.DMA_SetConfig     stm32f3xx_hal_dma.o
    0x08001e2a   0x08001e2a   0x00000002   Code   RO          445    i.DebugMon_Handler  stm32f3xx_it.o
    0x08001e2c   0x08001e2c   0x00000004   Code   RO           13    i.Error_Handler     main.o
    0x08001e30   0x08001e30   0x00000024   Code   RO         1854    i.FLASH_MassErase   stm32f3xx_hal_flash_ex.o
    0x08001e54   0x08001e54   0x00000024   Code   RO         1859    i.FLASH_PageErase   stm32f3xx_hal_flash_ex.o
    0x08001e78   0x08001e78   0x0000001c   Code   RO         1751    i.FLASH_Program_HalfWord  stm32f3xx_hal_flash.o
    0x08001e94   0x08001e94   0x00000034   Code   RO         1752    i.FLASH_SetErrorCode  stm32f3xx_hal_flash.o
    0x08001ec8   0x08001ec8   0x00000050   Code   RO         1753    i.FLASH_WaitForLastOperation  stm32f3xx_hal_flash.o
    0x08001f18   0x08001f18   0x000000c8   Code   RO         5040    i.Flash_Init        flash_storage.o
    0x08001fe0   0x08001fe0   0x00000028   Code   RO         5041    i.Flash_ReadDeviceID  flash_storage.o
    0x08002008   0x08002008   0x0000015c   Code   RO         5042    i.Flash_WriteDeviceID  flash_storage.o
    0x08002164   0x08002164   0x0000009e   Code   RO          754    i.HAL_ADCEx_Calibration_Start  stm32f3xx_hal_adc_ex.o
    0x08002202   0x08002202   0x00000002   PAD
    0x08002204   0x08002204   0x00000350   Code   RO          775    i.HAL_ADC_ConfigChannel  stm32f3xx_hal_adc_ex.o
    0x08002554   0x08002554   0x0000015c   Code   RO         4407    i.HAL_ADC_ConvCpltCallback  currentsense.o
    0x080026b0   0x080026b0   0x00000002   Code   RO          599    i.HAL_ADC_ConvHalfCpltCallback  stm32f3xx_hal_adc.o
    0x080026b2   0x080026b2   0x00000002   PAD
    0x080026b4   0x080026b4   0x0000006c   Code   RO           14    i.HAL_ADC_ErrorCallback  main.o
    0x08002720   0x08002720   0x000001e4   Code   RO          779    i.HAL_ADC_Init      stm32f3xx_hal_adc_ex.o
    0x08002904   0x08002904   0x000000b4   Code   RO          251    i.HAL_ADC_MspInit   adc.o
    0x080029b8   0x080029b8   0x00000108   Code   RO          783    i.HAL_ADC_Start_DMA  stm32f3xx_hal_adc_ex.o
    0x08002ac0   0x08002ac0   0x00000048   Code   RO         1398    i.HAL_DMA_Abort     stm32f3xx_hal_dma.o
    0x08002b08   0x08002b08   0x0000004a   Code   RO         1399    i.HAL_DMA_Abort_IT  stm32f3xx_hal_dma.o
    0x08002b52   0x08002b52   0x00000004   Code   RO         1401    i.HAL_DMA_GetError  stm32f3xx_hal_dma.o
    0x08002b56   0x08002b56   0x000000a8   Code   RO         1403    i.HAL_DMA_IRQHandler  stm32f3xx_hal_dma.o
    0x08002bfe   0x08002bfe   0x0000004e   Code   RO         1404    i.HAL_DMA_Init      stm32f3xx_hal_dma.o
    0x08002c4c   0x08002c4c   0x00000070   Code   RO         1408    i.HAL_DMA_Start_IT  stm32f3xx_hal_dma.o
    0x08002cbc   0x08002cbc   0x00000024   Code   RO         1017    i.HAL_Delay         stm32f3xx_hal.o
    0x08002ce0   0x08002ce0   0x000000a8   Code   RO         1860    i.HAL_FLASHEx_Erase  stm32f3xx_hal_flash_ex.o
    0x08002d88   0x08002d88   0x00000014   Code   RO         1757    i.HAL_FLASH_Lock    stm32f3xx_hal_flash.o
    0x08002d9c   0x08002d9c   0x00000080   Code   RO         1762    i.HAL_FLASH_Program  stm32f3xx_hal_flash.o
    0x08002e1c   0x08002e1c   0x00000028   Code   RO         1764    i.HAL_FLASH_Unlock  stm32f3xx_hal_flash.o
    0x08002e44   0x08002e44   0x00000220   Code   RO         1333    i.HAL_GPIO_Init     stm32f3xx_hal_gpio.o
    0x08003064   0x08003064   0x0000000a   Code   RO         1335    i.HAL_GPIO_ReadPin  stm32f3xx_hal_gpio.o
    0x0800306e   0x0800306e   0x0000000a   Code   RO         1337    i.HAL_GPIO_WritePin  stm32f3xx_hal_gpio.o
    0x08003078   0x08003078   0x0000000c   Code   RO         1021    i.HAL_GetTick       stm32f3xx_hal.o
    0x08003084   0x08003084   0x00000010   Code   RO         1027    i.HAL_IncTick       stm32f3xx_hal.o
    0x08003094   0x08003094   0x00000024   Code   RO         1028    i.HAL_Init          stm32f3xx_hal.o
    0x080030b8   0x080030b8   0x00000040   Code   RO         1029    i.HAL_InitTick      stm32f3xx_hal.o
    0x080030f8   0x080030f8   0x0000002c   Code   RO          572    i.HAL_MspInit       stm32f3xx_hal_msp.o
    0x08003124   0x08003124   0x0000001a   Code   RO         1498    i.HAL_NVIC_EnableIRQ  stm32f3xx_hal_cortex.o
    0x0800313e   0x0800313e   0x00000002   PAD
    0x08003140   0x08003140   0x00000040   Code   RO         1504    i.HAL_NVIC_SetPriority  stm32f3xx_hal_cortex.o
    0x08003180   0x08003180   0x00000024   Code   RO         1505    i.HAL_NVIC_SetPriorityGrouping  stm32f3xx_hal_cortex.o
    0x080031a4   0x080031a4   0x00000188   Code   RO         1290    i.HAL_RCCEx_PeriphCLKConfig  stm32f3xx_hal_rcc_ex.o
    0x0800332c   0x0800332c   0x00000148   Code   RO         1185    i.HAL_RCC_ClockConfig  stm32f3xx_hal_rcc.o
    0x08003474   0x08003474   0x00000030   Code   RO         1192    i.HAL_RCC_GetPCLK1Freq  stm32f3xx_hal_rcc.o
    0x080034a4   0x080034a4   0x00000030   Code   RO         1193    i.HAL_RCC_GetPCLK2Freq  stm32f3xx_hal_rcc.o
    0x080034d4   0x080034d4   0x00000050   Code   RO         1194    i.HAL_RCC_GetSysClockFreq  stm32f3xx_hal_rcc.o
    0x08003524   0x08003524   0x000005c8   Code   RO         1197    i.HAL_RCC_OscConfig  stm32f3xx_hal_rcc.o
    0x08003aec   0x08003aec   0x00000028   Code   RO         1509    i.HAL_SYSTICK_Config  stm32f3xx_hal_cortex.o
    0x08003b14   0x08003b14   0x00000002   Code   RO         3253    i.HAL_TIMEx_Break2Callback  stm32f3xx_hal_tim_ex.o
    0x08003b16   0x08003b16   0x00000002   Code   RO         3254    i.HAL_TIMEx_BreakCallback  stm32f3xx_hal_tim_ex.o
    0x08003b18   0x08003b18   0x00000002   Code   RO         3255    i.HAL_TIMEx_CommutCallback  stm32f3xx_hal_tim_ex.o
    0x08003b1a   0x08003b1a   0x00000002   PAD
    0x08003b1c   0x08003b1c   0x00000084   Code   RO         3257    i.HAL_TIMEx_ConfigBreakDeadTime  stm32f3xx_hal_tim_ex.o
    0x08003ba0   0x08003ba0   0x00000074   Code   RO         3274    i.HAL_TIMEx_MasterConfigSynchronization  stm32f3xx_hal_tim_ex.o
    0x08003c14   0x08003c14   0x00000062   Code   RO         2539    i.HAL_TIM_Base_Init  stm32f3xx_hal_tim.o
    0x08003c76   0x08003c76   0x00000002   PAD
    0x08003c78   0x08003c78   0x000000c0   Code   RO          317    i.HAL_TIM_Base_MspInit  tim.o
    0x08003d38   0x08003d38   0x00000064   Code   RO         2544    i.HAL_TIM_Base_Start_IT  stm32f3xx_hal_tim.o
    0x08003d9c   0x08003d9c   0x000000e0   Code   RO         2548    i.HAL_TIM_ConfigClockSource  stm32f3xx_hal_tim.o
    0x08003e7c   0x08003e7c   0x0000002c   Code   RO          446    i.HAL_TIM_IC_CaptureCallback  stm32f3xx_it.o
    0x08003ea8   0x08003ea8   0x00000124   Code   RO         2575    i.HAL_TIM_IC_ConfigChannel  stm32f3xx_hal_tim.o
    0x08003fcc   0x08003fcc   0x00000062   Code   RO         2578    i.HAL_TIM_IC_Init   stm32f3xx_hal_tim.o
    0x0800402e   0x0800402e   0x00000002   Code   RO         2580    i.HAL_TIM_IC_MspInit  stm32f3xx_hal_tim.o
    0x08004030   0x08004030   0x00000118   Code   RO         2583    i.HAL_TIM_IC_Start_IT  stm32f3xx_hal_tim.o
    0x08004148   0x08004148   0x00000146   Code   RO         2587    i.HAL_TIM_IRQHandler  stm32f3xx_hal_tim.o
    0x0800428e   0x0800428e   0x00000002   PAD
    0x08004290   0x08004290   0x00000094   Code   RO          318    i.HAL_TIM_MspPostInit  tim.o
    0x08004324   0x08004324   0x00000002   Code   RO         2590    i.HAL_TIM_OC_DelayElapsedCallback  stm32f3xx_hal_tim.o
    0x08004326   0x08004326   0x00000124   Code   RO         2611    i.HAL_TIM_PWM_ConfigChannel  stm32f3xx_hal_tim.o
    0x0800444a   0x0800444a   0x00000062   Code   RO         2614    i.HAL_TIM_PWM_Init  stm32f3xx_hal_tim.o
    0x080044ac   0x080044ac   0x00000060   Code   RO          320    i.HAL_TIM_PWM_MspInit  tim.o
    0x0800450c   0x0800450c   0x00000002   Code   RO         2617    i.HAL_TIM_PWM_PulseFinishedCallback  stm32f3xx_hal_tim.o
    0x0800450e   0x0800450e   0x00000002   PAD
    0x08004510   0x08004510   0x000000e4   Code   RO         2619    i.HAL_TIM_PWM_Start  stm32f3xx_hal_tim.o
    0x080045f4   0x080045f4   0x00000044   Code   RO           15    i.HAL_TIM_PeriodElapsedCallback  main.o
    0x08004638   0x08004638   0x0000002a   Code   RO         2627    i.HAL_TIM_ReadCapturedValue  stm32f3xx_hal_tim.o
    0x08004662   0x08004662   0x00000002   Code   RO         2630    i.HAL_TIM_TriggerCallback  stm32f3xx_hal_tim.o
    0x08004664   0x08004664   0x00000002   Code   RO         3541    i.HAL_UARTEx_RxEventCallback  stm32f3xx_hal_uart.o
    0x08004666   0x08004666   0x00000002   Code   RO         3933    i.HAL_UARTEx_WakeupCallback  stm32f3xx_hal_uart_ex.o
    0x08004668   0x08004668   0x0000008e   Code   RO         3553    i.HAL_UART_DMAStop  stm32f3xx_hal_uart.o
    0x080046f6   0x080046f6   0x00000002   PAD
    0x080046f8   0x080046f8   0x00000034   Code   RO         4326    i.HAL_UART_ErrorCallback  at_command.o
    0x0800472c   0x0800472c   0x000002b8   Code   RO         3560    i.HAL_UART_IRQHandler  stm32f3xx_hal_uart.o
    0x080049e4   0x080049e4   0x00000066   Code   RO         3561    i.HAL_UART_Init     stm32f3xx_hal_uart.o
    0x08004a4a   0x08004a4a   0x00000002   PAD
    0x08004a4c   0x08004a4c   0x000000a8   Code   RO          401    i.HAL_UART_MspInit  usart.o
    0x08004af4   0x08004af4   0x0000003c   Code   RO         3565    i.HAL_UART_Receive_DMA  stm32f3xx_hal_uart.o
    0x08004b30   0x08004b30   0x00000004   Code   RO          447    i.HAL_UART_RxCpltCallback  stm32f3xx_it.o
    0x08004b34   0x08004b34   0x00000002   Code   RO         3569    i.HAL_UART_RxHalfCpltCallback  stm32f3xx_hal_uart.o
    0x08004b36   0x08004b36   0x000000a4   Code   RO         3570    i.HAL_UART_Transmit  stm32f3xx_hal_uart.o
    0x08004bda   0x08004bda   0x00000002   Code   RO         3573    i.HAL_UART_TxCpltCallback  stm32f3xx_hal_uart.o
    0x08004bdc   0x08004bdc   0x00000002   Code   RO          448    i.HardFault_Handler  stm32f3xx_it.o
    0x08004bde   0x08004bde   0x00000002   PAD
    0x08004be0   0x08004be0   0x0000005c   Code   RO         4074    i.HuanQi_Start      cmd_motor.o
    0x08004c3c   0x08004c3c   0x0000002c   Code   RO         4075    i.HuanQi_Stop       cmd_motor.o
    0x08004c68   0x08004c68   0x0000004c   Code   RO         4971    i.Init_SpeedControl  speed_sensor.o
    0x08004cb4   0x08004cb4   0x0000001c   Code   RO         4714    i.IsAtZeroPosition  rotation_control.o
    0x08004cd0   0x08004cd0   0x0000000c   Code   RO         4679    i.Log_Init          log.o
    0x08004cdc   0x08004cdc   0x0000004c   Code   RO         4680    i.Log_Print         log.o
    0x08004d28   0x08004d28   0x00000024   Code   RO         4516    i.MTD1_Coast        drv8870.o
    0x08004d4c   0x08004d4c   0x00000014   Code   RO         4517    i.MTD1_Init         drv8870.o
    0x08004d60   0x08004d60   0x00000018   Code   RO         4518    i.MTD1_SetSpeedPercent  drv8870.o
    0x08004d78   0x08004d78   0x00000028   Code   RO         4519    i.MTD2_Coast        drv8870.o
    0x08004da0   0x08004da0   0x00000014   Code   RO         4520    i.MTD2_Init         drv8870.o
    0x08004db4   0x08004db4   0x0000001c   Code   RO         4521    i.MTD2_SetSpeedPercent  drv8870.o
    0x08004dd0   0x08004dd0   0x00000024   Code   RO         4522    i.MTD3_Coast        drv8870.o
    0x08004df4   0x08004df4   0x00000014   Code   RO         4523    i.MTD3_Init         drv8870.o
    0x08004e08   0x08004e08   0x0000001c   Code   RO         4524    i.MTD3_SetSpeedPercent  drv8870.o
    0x08004e24   0x08004e24   0x00000028   Code   RO         4525    i.MTD4_Coast        drv8870.o
    0x08004e4c   0x08004e4c   0x00000014   Code   RO         4526    i.MTD4_Init         drv8870.o
    0x08004e60   0x08004e60   0x0000001c   Code   RO         4527    i.MTD4_SetSpeedPercent  drv8870.o
    0x08004e7c   0x08004e7c   0x00000180   Code   RO         4530    i.MTD_ProcessSoftStart  drv8870.o
    0x08004ffc   0x08004ffc   0x00000018   Code   RO         4531    i.MTD_SetDirectionChangeDelay  drv8870.o
    0x08005014   0x08005014   0x00000018   Code   RO         4532    i.MTD_SetSoftStartConfig  drv8870.o
    0x0800502c   0x0800502c   0x000000b0   Code   RO          252    i.MX_ADC2_Init      adc.o
    0x080050dc   0x080050dc   0x0000003c   Code   RO          292    i.MX_DMA_Init       dma.o
    0x08005118   0x08005118   0x000000f8   Code   RO          226    i.MX_GPIO_Init      gpio.o
    0x08005210   0x08005210   0x00000064   Code   RO          321    i.MX_TIM17_Init     tim.o
    0x08005274   0x08005274   0x000000e0   Code   RO          322    i.MX_TIM1_Init      tim.o
    0x08005354   0x08005354   0x000000a0   Code   RO          323    i.MX_TIM2_Init      tim.o
    0x080053f4   0x080053f4   0x0000006c   Code   RO          324    i.MX_TIM3_Init      tim.o
    0x08005460   0x08005460   0x00000044   Code   RO          325    i.MX_TIM6_Init      tim.o
    0x080054a4   0x080054a4   0x0000003c   Code   RO          402    i.MX_USART1_UART_Init  usart.o
    0x080054e0   0x080054e0   0x0000003a   Code   RO         4715    i.MatchPhotoSwitchPattern  rotation_control.o
    0x0800551a   0x0800551a   0x00000002   Code   RO          449    i.MemManage_Handler  stm32f3xx_it.o
    0x0800551c   0x0800551c   0x000000a0   Code   RO         4076    i.MotorCmd_AlarmValue  cmd_motor.o
    0x080055bc   0x080055bc   0x00000060   Code   RO         4078    i.MotorCmd_Init     cmd_motor.o
    0x0800561c   0x0800561c   0x00000188   Code   RO         4079    i.MotorCmd_PairRunCustom  cmd_motor.o
    0x080057a4   0x080057a4   0x000001cc   Code   RO         4080    i.MotorCmd_PairRunRepeat  cmd_motor.o
    0x08005970   0x08005970   0x000000c4   Code   RO         4081    i.MotorCmd_PairStopCustom  cmd_motor.o
    0x08005a34   0x08005a34   0x000000c8   Code   RO         4082    i.MotorCmd_PairStopRepeat  cmd_motor.o
    0x08005afc   0x08005afc   0x00000644   Code   RO         4083    i.MotorCmd_PeriodicHandler  cmd_motor.o
    0x08006140   0x08006140   0x00000084   Code   RO         4084    i.MotorCmd_QueryControlStatus  cmd_motor.o
    0x080061c4   0x080061c4   0x00000028   Code   RO         4085    i.MotorCmd_QueryDevID  cmd_motor.o
    0x080061ec   0x080061ec   0x0000002c   Code   RO         4086    i.MotorCmd_QueryVersion  cmd_motor.o
    0x08006218   0x08006218   0x000000f0   Code   RO         4087    i.MotorCmd_Run      cmd_motor.o
    0x08006308   0x08006308   0x00000444   Code   RO         4088    i.MotorCmd_RunCustom  cmd_motor.o
    0x0800674c   0x0800674c   0x00000138   Code   RO         4089    i.MotorCmd_RunRepeat  cmd_motor.o
    0x08006884   0x08006884   0x00000070   Code   RO         4090    i.MotorCmd_SetControlMode  cmd_motor.o
    0x080068f4   0x080068f4   0x0000009c   Code   RO         4091    i.MotorCmd_SetCurrentPID  cmd_motor.o
    0x08006990   0x08006990   0x0000008c   Code   RO         4092    i.MotorCmd_SetDevID  cmd_motor.o
    0x08006a1c   0x08006a1c   0x00000074   Code   RO         4093    i.MotorCmd_SetEnable  cmd_motor.o
    0x08006a90   0x08006a90   0x0000009c   Code   RO         4094    i.MotorCmd_SetSpeedPID  cmd_motor.o
    0x08006b2c   0x08006b2c   0x00000074   Code   RO         4095    i.MotorCmd_SetTargetSpeed  cmd_motor.o
    0x08006ba0   0x08006ba0   0x00000080   Code   RO         4096    i.MotorCmd_SetTorque  cmd_motor.o
    0x08006c20   0x08006c20   0x0000007c   Code   RO         4097    i.MotorCmd_SetType  cmd_motor.o
    0x08006c9c   0x08006c9c   0x000000b0   Code   RO         4099    i.MotorCmd_StatusQuery  cmd_motor.o
    0x08006d4c   0x08006d4c   0x0000006c   Code   RO         4100    i.MotorCmd_StatusUpLoad  cmd_motor.o
    0x08006db8   0x08006db8   0x00000078   Code   RO         4101    i.MotorCmd_StatusUpLoadStop  cmd_motor.o
    0x08006e30   0x08006e30   0x00000088   Code   RO         4102    i.MotorCmd_Stop     cmd_motor.o
    0x08006eb8   0x08006eb8   0x000000bc   Code   RO         4103    i.MotorCmd_StopCustom  cmd_motor.o
    0x08006f74   0x08006f74   0x000000bc   Code   RO         4104    i.MotorCmd_StopRepeat  cmd_motor.o
    0x08007030   0x08007030   0x00000050   Code   RO         4839    i.MotorControl_AssignSpeedSensor  motor_control.o
    0x08007080   0x08007080   0x0000005c   Code   RO         4840    i.MotorControl_CurrentLoopUpdate  motor_control.o
    0x080070dc   0x080070dc   0x00000054   Code   RO         4841    i.MotorControl_Enable  motor_control.o
    0x08007130   0x08007130   0x0000001c   Code   RO         4842    i.MotorControl_GetStatus  motor_control.o
    0x0800714c   0x0800714c   0x000000e4   Code   RO         4843    i.MotorControl_Init  motor_control.o
    0x08007230   0x08007230   0x00000040   Code   RO         4844    i.MotorControl_SetCurrent  motor_control.o
    0x08007270   0x08007270   0x000000c0   Code   RO         4845    i.MotorControl_SetCurrentPID  motor_control.o
    0x08007330   0x08007330   0x000000d8   Code   RO         4847    i.MotorControl_SetMode  motor_control.o
    0x08007408   0x08007408   0x000000ac   Code   RO         4848    i.MotorControl_SetSpeed  motor_control.o
    0x080074b4   0x080074b4   0x000000c0   Code   RO         4849    i.MotorControl_SetSpeedPID  motor_control.o
    0x08007574   0x08007574   0x00000138   Code   RO         4850    i.MotorControl_SpeedLoopUpdate  motor_control.o
    0x080076ac   0x080076ac   0x00000030   Code   RO         4105    i.MotorPair_ApplyLoad  cmd_motor.o
    0x080076dc   0x080076dc   0x0000007e   Code   RO         4106    i.MotorPair_SetState  cmd_motor.o
    0x0800775a   0x0800775a   0x00000002   PAD
    0x0800775c   0x0800775c   0x00000090   Code   RO         4107    i.Motor_GetStatus   cmd_motor.o
    0x080077ec   0x080077ec   0x00000060   Code   RO         4108    i.Motor_SetState    cmd_motor.o
    0x0800784c   0x0800784c   0x00000002   Code   RO          450    i.NMI_Handler       stm32f3xx_it.o
    0x0800784e   0x0800784e   0x00000088   Code   RO         4851    i.PID_Update        motor_control.o
    0x080078d6   0x080078d6   0x00000002   Code   RO          451    i.PendSV_Handler    stm32f3xx_it.o
    0x080078d8   0x080078d8   0x0000000c   Code   RO         4716    i.ResetPhotoSwitchHistory  rotation_control.o
    0x080078e4   0x080078e4   0x0000005c   Code   RO         4717    i.RotationControl_Init  rotation_control.o
    0x08007940   0x08007940   0x000002d0   Code   RO         4719    i.RotationControl_Process  rotation_control.o
    0x08007c10   0x08007c10   0x00000060   Code   RO         4720    i.RotationControl_ReportPosition  rotation_control.o
    0x08007c70   0x08007c70   0x00000010   Code   RO         4721    i.RotationControl_SetMotor2Speed  rotation_control.o
    0x08007c80   0x08007c80   0x00000028   Code   RO         4722    i.RotationControl_SetMotorSpeed  rotation_control.o
    0x08007ca8   0x08007ca8   0x00000038   Code   RO         4724    i.RotationControl_Start  rotation_control.o
    0x08007ce0   0x08007ce0   0x0000001c   Code   RO         4725    i.RotationControl_Stop  rotation_control.o
    0x08007cfc   0x08007cfc   0x00000002   Code   RO          452    i.SVC_Handler       stm32f3xx_it.o
    0x08007cfe   0x08007cfe   0x00000002   PAD
    0x08007d00   0x08007d00   0x00000024   Code   RO         4726    i.SetMotor2State    rotation_control.o
    0x08007d24   0x08007d24   0x000000b4   Code   RO         4972    i.SpeedSensor_CaptureCallback  speed_sensor.o
    0x08007dd8   0x08007dd8   0x00000006   Code   RO         4973    i.SpeedSensor_GetRPM  speed_sensor.o
    0x08007dde   0x08007dde   0x00000002   PAD
    0x08007de0   0x08007de0   0x000000c8   Code   RO         4974    i.SpeedSensor_Init  speed_sensor.o
    0x08007ea8   0x08007ea8   0x00000004   Code   RO         4975    i.SpeedSensor_IsValid  speed_sensor.o
    0x08007eac   0x08007eac   0x00000028   Code   RO         4976    i.SpeedSensor_Update  speed_sensor.o
    0x08007ed4   0x08007ed4   0x00000084   Code   RO         4977    i.SpeedSensors_Init  speed_sensor.o
    0x08007f58   0x08007f58   0x00000034   Code   RO         4727    i.StartBraking      rotation_control.o
    0x08007f8c   0x08007f8c   0x0000002c   Code   RO         4728    i.StartMotor        rotation_control.o
    0x08007fb8   0x08007fb8   0x0000001c   Code   RO         4729    i.StopMotor         rotation_control.o
    0x08007fd4   0x08007fd4   0x00000004   Code   RO          453    i.SysTick_Handler   stm32f3xx_it.o
    0x08007fd8   0x08007fd8   0x00000082   Code   RO           16    i.SystemClock_Config  main.o
    0x0800805a   0x0800805a   0x00000002   PAD
    0x0800805c   0x0800805c   0x00000010   Code   RO         4003    i.SystemInit        system_stm32f3xx.o
    0x0800806c   0x0800806c   0x0000001c   Code   RO          454    i.TIM1_TRG_COM_TIM17_IRQHandler  stm32f3xx_it.o
    0x08008088   0x08008088   0x0000000c   Code   RO          455    i.TIM1_UP_TIM16_IRQHandler  stm32f3xx_it.o
    0x08008094   0x08008094   0x0000000c   Code   RO          456    i.TIM3_IRQHandler   stm32f3xx_it.o
    0x080080a0   0x080080a0   0x0000000c   Code   RO          457    i.TIM6_DAC1_IRQHandler  stm32f3xx_it.o
    0x080080ac   0x080080ac   0x00000094   Code   RO         2632    i.TIM_Base_SetConfig  stm32f3xx_hal_tim.o
    0x08008140   0x08008140   0x0000001a   Code   RO         2633    i.TIM_CCxChannelCmd  stm32f3xx_hal_tim.o
    0x0800815a   0x0800815a   0x00000014   Code   RO         2643    i.TIM_ETR_SetConfig  stm32f3xx_hal_tim.o
    0x0800816e   0x0800816e   0x00000010   Code   RO         2644    i.TIM_ITRx_SetConfig  stm32f3xx_hal_tim.o
    0x0800817e   0x0800817e   0x00000002   PAD
    0x08008180   0x08008180   0x00000088   Code   RO         2645    i.TIM_OC1_SetConfig  stm32f3xx_hal_tim.o
    0x08008208   0x08008208   0x00000080   Code   RO         2646    i.TIM_OC2_SetConfig  stm32f3xx_hal_tim.o
    0x08008288   0x08008288   0x00000080   Code   RO         2647    i.TIM_OC3_SetConfig  stm32f3xx_hal_tim.o
    0x08008308   0x08008308   0x0000006c   Code   RO         2648    i.TIM_OC4_SetConfig  stm32f3xx_hal_tim.o
    0x08008374   0x08008374   0x00000064   Code   RO         2649    i.TIM_OC5_SetConfig  stm32f3xx_hal_tim.o
    0x080083d8   0x080083d8   0x00000068   Code   RO         2650    i.TIM_OC6_SetConfig  stm32f3xx_hal_tim.o
    0x08008440   0x08008440   0x00000022   Code   RO         2652    i.TIM_TI1_ConfigInputStage  stm32f3xx_hal_tim.o
    0x08008462   0x08008462   0x00000002   PAD
    0x08008464   0x08008464   0x00000058   Code   RO         2653    i.TIM_TI1_SetConfig  stm32f3xx_hal_tim.o
    0x080084bc   0x080084bc   0x00000024   Code   RO         2654    i.TIM_TI2_ConfigInputStage  stm32f3xx_hal_tim.o
    0x080084e0   0x080084e0   0x00000036   Code   RO         2655    i.TIM_TI2_SetConfig  stm32f3xx_hal_tim.o
    0x08008516   0x08008516   0x000000c8   Code   RO         3575    i.UART_AdvFeatureConfig  stm32f3xx_hal_uart.o
    0x080085de   0x080085de   0x000000a8   Code   RO         3576    i.UART_CheckIdleState  stm32f3xx_hal_uart.o
    0x08008686   0x08008686   0x00000014   Code   RO         3577    i.UART_DMAAbortOnError  stm32f3xx_hal_uart.o
    0x0800869a   0x0800869a   0x0000004e   Code   RO         3578    i.UART_DMAError     stm32f3xx_hal_uart.o
    0x080086e8   0x080086e8   0x00000082   Code   RO         3579    i.UART_DMAReceiveCplt  stm32f3xx_hal_uart.o
    0x0800876a   0x0800876a   0x00000020   Code   RO         3581    i.UART_DMARxHalfCplt  stm32f3xx_hal_uart.o
    0x0800878a   0x0800878a   0x0000004c   Code   RO         3587    i.UART_EndRxTransfer  stm32f3xx_hal_uart.o
    0x080087d6   0x080087d6   0x00000018   Code   RO         3588    i.UART_EndTxTransfer  stm32f3xx_hal_uart.o
    0x080087ee   0x080087ee   0x00000002   PAD
    0x080087f0   0x080087f0   0x00000140   Code   RO         3591    i.UART_SetConfig    stm32f3xx_hal_uart.o
    0x08008930   0x08008930   0x000000a0   Code   RO         3592    i.UART_Start_Receive_DMA  stm32f3xx_hal_uart.o
    0x080089d0   0x080089d0   0x00000094   Code   RO         3596    i.UART_WaitOnFlagUntilTimeout  stm32f3xx_hal_uart.o
    0x08008a64   0x08008a64   0x00000024   Code   RO          458    i.USART1_IRQHandler  stm32f3xx_it.o
    0x08008a88   0x08008a88   0x0000003a   Code   RO         4730    i.UpdatePhotoSwitchState  rotation_control.o
    0x08008ac2   0x08008ac2   0x00000002   Code   RO          459    i.UsageFault_Handler  stm32f3xx_it.o
    0x08008ac4   0x08008ac4   0x00000028   Code   RO         5343    i.__0sprintf        mc_w.l(printfa.o)
    0x08008aec   0x08008aec   0x0000002c   Code   RO         5346    i.__0vsnprintf      mc_w.l(printfa.o)
    0x08008b18   0x08008b18   0x00000020   Code   RO         1511    i.__NVIC_SetPriority  stm32f3xx_hal_cortex.o
    0x08008b38   0x08008b38   0x0000000e   Code   RO         5479    i.__scatterload_copy  mc_w.l(handlers.o)
    0x08008b46   0x08008b46   0x00000002   Code   RO         5480    i.__scatterload_null  mc_w.l(handlers.o)
    0x08008b48   0x08008b48   0x0000000e   Code   RO         5481    i.__scatterload_zeroinit  mc_w.l(handlers.o)
    0x08008b56   0x08008b56   0x00000002   PAD
    0x08008b58   0x08008b58   0x00000184   Code   RO         5348    i._fp_digits        mc_w.l(printfa.o)
    0x08008cdc   0x08008cdc   0x0000000e   Code   RO         5375    i._is_digit         mc_w.l(scanf_fp.o)
    0x08008cea   0x08008cea   0x00000002   PAD
    0x08008cec   0x08008cec   0x000006dc   Code   RO         5349    i._printf_core      mc_w.l(printfa.o)
    0x080093c8   0x080093c8   0x00000024   Code   RO         5350    i._printf_post_padding  mc_w.l(printfa.o)
    0x080093ec   0x080093ec   0x0000002e   Code   RO         5351    i._printf_pre_padding  mc_w.l(printfa.o)
    0x0800941a   0x0800941a   0x00000016   Code   RO         5352    i._snputc           mc_w.l(printfa.o)
    0x08009430   0x08009430   0x0000000a   Code   RO         5353    i._sputc            mc_w.l(printfa.o)
    0x0800943a   0x0800943a   0x0000000c   Code   RO         4534    i.get_direction     drv8870.o
    0x08009446   0x08009446   0x00000002   PAD
    0x08009448   0x08009448   0x000000f4   Code   RO           17    i.main              main.o
    0x0800953c   0x0800953c   0x000000c8   Code   RO         4535    i.pair_set_speed    drv8870.o
    0x08009604   0x08009604   0x00000058   Code   RO         4536    i.pair_set_speed_direct  drv8870.o
    0x0800965c   0x0800965c   0x0000005c   Code   RO         4537    i.pair_start        drv8870.o
    0x080096b8   0x080096b8   0x00000010   Code   RO         4538    i.pct_to_pulse      drv8870.o
    0x080096c8   0x080096c8   0x0000002c   Code   RO         4539    i.pwm_write         drv8870.o
    0x080096f4   0x080096f4   0x00000010   Data   RO           18    .constdata          main.o
    0x08009704   0x08009704   0x00000020   Data   RO         1198    .constdata          stm32f3xx_hal_rcc.o
    0x08009724   0x08009724   0x00000010   Data   RO         4004    .constdata          system_stm32f3xx.o
    0x08009734   0x08009734   0x00000008   Data   RO         4005    .constdata          system_stm32f3xx.o
    0x0800973c   0x0800973c   0x00000004   Data   RO         4541    .constdata          drv8870.o
    0x08009740   0x08009740   0x00000018   Data   RO         4732    .constdata          rotation_control.o
    0x08009758   0x08009758   0x0000000c   Data   RO         4853    .constdata          motor_control.o
    0x08009764   0x08009764   0x0000001c   Data   RO         4978    .constdata          speed_sensor.o
    0x08009780   0x08009780   0x00000081   Data   RO         5403    .constdata          mc_w.l(ctype_o.o)
    0x08009801   0x08009801   0x00000003   PAD
    0x08009804   0x08009804   0x00000004   Data   RO         5404    .constdata          mc_w.l(ctype_o.o)
    0x08009808   0x08009808   0x00000041   Data   RO           19    .conststring        main.o
    0x08009849   0x08009849   0x00000003   PAD
    0x0800984c   0x0800984c   0x0000005a   Data   RO         4110    .conststring        cmd_motor.o
    0x080098a6   0x080098a6   0x00000002   PAD
    0x080098a8   0x080098a8   0x00000069   Data   RO         4733    .conststring        rotation_control.o
    0x08009911   0x08009911   0x00000003   PAD
    0x08009914   0x08009914   0x0000012d   Data   RO         4854    .conststring        motor_control.o
    0x08009a41   0x08009a41   0x00000003   PAD
    0x08009a44   0x08009a44   0x00000046   Data   RO         5043    .conststring        flash_storage.o
    0x08009a8a   0x08009a8a   0x00000002   PAD
    0x08009a8c   0x08009a8c   0x00000020   Data   RO         5477    Region$$Table       anon$$obj.o


    Execution Region RW_IRAM2 (Exec base: 0x10000000, Load base: 0x08009b38, Size: 0x00000000, Max: 0x00001000, ABSOLUTE)

    **** No section assigned to this execution region ****


    Execution Region RW_IRAM1 (Exec base: 0x20000000, Load base: 0x08009aac, Size: 0x00001a98, Max: 0x00003000, ABSOLUTE)

    Exec Addr    Load Addr    Size         Type   Attr      Idx    E Section Name        Object

    0x20000000   0x08009aac   0x00000001   Data   RW           20    .data               main.o
    0x20000001   0x08009aad   0x00000003   PAD
    0x20000004   0x08009ab0   0x0000000c   Data   RW         1035    .data               stm32f3xx_hal.o
    0x20000010   0x08009abc   0x00000004   Data   RW         4006    .data               system_stm32f3xx.o
    0x20000014   0x08009ac0   0x0000001e   Data   RW         4111    .data               cmd_motor.o
    0x20000032   0x08009ade   0x00000002   PAD
    0x20000034   0x08009ae0   0x00000008   Data   RW         4328    .data               at_command.o
    0x2000003c   0x08009ae8   0x00000020   Data   RW         4413    .data               currentsense.o
    0x2000005c   0x08009b08   0x00000010   Data   RW         4542    .data               drv8870.o
    0x2000006c   0x08009b18   0x00000008   Data   RW         4681    .data               log.o
    0x20000074   0x08009b20   0x00000014   Data   RW         4734    .data               rotation_control.o
    0x20000088   0x08009b34   0x00000004   Data   RW         4855    .data               motor_control.o
    0x2000008c        -       0x00000094   Zero   RW          253    .bss                adc.o
    0x20000120        -       0x0000017c   Zero   RW          326    .bss                tim.o
    0x2000029c        -       0x000000cc   Zero   RW          403    .bss                usart.o
    0x20000368        -       0x00000020   Zero   RW         1765    .bss                stm32f3xx_hal_flash.o
    0x20000388        -       0x00000860   Zero   RW         4109    .bss                cmd_motor.o
    0x20000be8        -       0x00000800   Zero   RW         4327    .bss                at_command.o
    0x200013e8        -       0x00000040   Zero   RW         4410    .bss                currentsense.o
    0x20001428        -       0x00000070   Zero   RW         4540    .bss                drv8870.o
    0x20001498        -       0x00000040   Zero   RW         4731    .bss                rotation_control.o
    0x200014d8        -       0x000001c0   Zero   RW         4852    .bss                motor_control.o
    0x20001698        -       0x00000400   Zero   RW            1    STACK               startup_stm32f334x8.o


==============================================================================

Image component sizes


      Code (inc. data)   RO Data    RW Data    ZI Data      Debug   Object Name

       356         32          0          0        148       2047   adc.o
      1954        836          0          8       2048       7294   at_command.o
      7658       2648         90         30       2144      35539   cmd_motor.o
       944        306          0         32         64       6870   currentsense.o
        60          4          0          0          0        846   dma.o
      1224        116          4         16        112      15490   drv8870.o
       634        346         70          0          0       4428   flash_storage.o
       248         12          0          0          0       1083   gpio.o
        88         12          0          8          0       2751   log.o
       554        106         81          1          0     700048   main.o
      1924        468        313          4        448      13131   motor_control.o
      1364        208        129         20         64      12654   rotation_control.o
       638        198         28          0          0       6351   speed_sensor.o
        36          8        392          0       1024        868   startup_stm32f334x8.o
       164         28          0         12          0      15445   stm32f3xx_hal.o
         2          0          0          0          0       1003   stm32f3xx_hal_adc.o
      2064         68          0          0          0       9077   stm32f3xx_hal_adc_ex.o
       198         14          0          0          0      32447   stm32f3xx_hal_cortex.o
       582         10          0          0          0       6505   stm32f3xx_hal_dma.o
       348         48          0          0         32       5102   stm32f3xx_hal_flash.o
       240         28          0          0          0       3417   stm32f3xx_hal_flash_ex.o
       564         26          0          0          0       3063   stm32f3xx_hal_gpio.o
        44          6          0          0          0        918   stm32f3xx_hal_msp.o
      1984         76         32          0          0       5968   stm32f3xx_hal_rcc.o
       392         14          0          0          0       1536   stm32f3xx_hal_rcc_ex.o
      3212        224          0          0          0      24351   stm32f3xx_hal_tim.o
       254         18          0          0          0       4132   stm32f3xx_hal_tim_ex.o
      2526         68          0          0          0      17055   stm32f3xx_hal_uart.o
         2          0          0          0          0       1088   stm32f3xx_hal_uart_ex.o
       192         52          0          0          0      10094   stm32f3xx_it.o
        16          4         24          4          0       1223   system_stm32f3xx.o
      1096         76          0          0        380       6288   tim.o
       228         28          0          0        204       1925   usart.o

    ----------------------------------------------------------------------
     31830       6088       1208        140       6668     960037   Object Totals
         0          0         32          0          0          0   (incl. Generated)
        40          0         13          5          0          0   (incl. Padding)

    ----------------------------------------------------------------------

      Code (inc. data)   RO Data    RW Data    ZI Data      Debug   Library Member Name

        56          8          0          0          0         84   __0sscanf.o
        28          0          0          0          0         68   _chval.o
       812          4          0          0          0        112   _scanf.o
       332          0          0          0          0         96   _scanf_int.o
        64          0          0          0          0         84   _sgetc.o
         8          4        133          0          0         68   ctype_o.o
         0          0          0          0          0          0   entry.o
         0          0          0          0          0          0   entry10a.o
         0          0          0          0          0          0   entry11a.o
         8          4          0          0          0          0   entry2.o
         4          0          0          0          0          0   entry5.o
         0          0          0          0          0          0   entry7b.o
         0          0          0          0          0          0   entry8b.o
         8          4          0          0          0          0   entry9a.o
        30          0          0          0          0          0   handlers.o
        36          8          0          0          0         68   init.o
        18          0          0          0          0         76   isspace_o.o
         0          0          0          0          0          0   iusefp.o
        30          0          0          0          0         68   llshl.o
        36          0          0          0          0         68   llsshr.o
        32          0          0          0          0         68   llushr.o
        36          0          0          0          0         68   memcpya.o
        36          0          0          0          0        108   memseta.o
      2342         90          0          0          0        668   printfa.o
        40          8          0          0          0         84   scanf_char.o
       878         12          0          0          0        216   scanf_fp.o
        20          0          0          0          0         68   strchr.o
        28          0          0          0          0         76   strcmp.o
        18          0          0          0          0         68   strcpy.o
        14          0          0          0          0         68   strlen.o
        30          0          0          0          0         80   strncmp.o
        36          0          0          0          0         80   strstr.o
        44          0          0          0          0         80   uidiv.o
        98          0          0          0          0         92   uldiv.o
        48          0          0          0          0         68   cdrcmple.o
        56          0          0          0          0         88   d2f.o
       334          0          0          0          0        148   dadd.o
       222          0          0          0          0        100   ddiv.o
       186          0          0          0          0        176   depilogue.o
        48          0          0          0          0         68   dfixul.o
        24          0          0          0          0         76   dfltul.o
       228          0          0          0          0         96   dmul.o
        38          0          0          0          0         68   f2d.o
       110          0          0          0          0        168   fepilogue.o

    ----------------------------------------------------------------------
      6422        142        136          0          0       3672   Library Totals
         6          0          3          0          0          0   (incl. Padding)

    ----------------------------------------------------------------------

      Code (inc. data)   RO Data    RW Data    ZI Data      Debug   Library Name

      5122        142        133          0          0       2616   mc_w.l
      1294          0          0          0          0       1056   mf_w.l

    ----------------------------------------------------------------------
      6422        142        136          0          0       3672   Library Totals

    ----------------------------------------------------------------------

==============================================================================


      Code (inc. data)   RO Data    RW Data    ZI Data      Debug   

     38252       6230       1344        140       6668     938537   Grand Totals
     38252       6230       1344        140       6668     938537   ELF Image Totals
     38252       6230       1344        140          0          0   ROM Totals

==============================================================================

    Total RO  Size (Code + RO Data)                39596 (  38.67kB)
    Total RW  Size (RW Data + ZI Data)              6808 (   6.65kB)
    Total ROM Size (Code + RO Data + RW Data)      39736 (  38.80kB)

==============================================================================

