<html>
<body>
<pre>
<h1>µVision Build Log</h1>
<h2>Tool Versions:</h2>
IDE-Version: ¦ÌVision V5.24.2.0
Copyright (C) 2017 ARM Ltd and ARM Germany GmbH. All rights reserved.
License Information: hhh 840530912@qq.com, kkk, LIC=WHYH9-4FDBF-9UW4U-SE35T-G79GE-DWRHR
 
Tool Versions:
Toolchain:       MDK-ARM Plus  Version: 5.24.1
Toolchain Path:  D:\Keil5\ARM\ARMCC\Bin
C Compiler:      Armcc.exe V5.06 update 5 (build 528)
Assembler:       Armasm.exe V5.06 update 5 (build 528)
Linker/Locator:  ArmLink.exe V5.06 update 5 (build 528)
Library Manager: ArmAr.exe V5.06 update 5 (build 528)
Hex Converter:   FromElf.exe V5.06 update 5 (build 528)
CPU DLL:         SARMCM3.DLL V5.24.1
Dialog DLL:      DCM.DLL V1.16.0.0
Target DLL:      Segger\JL2CM3.dll V2.99.26.0
Dialog DLL:      TCM.DLL V1.32.0.0
 
<h2>Project:</h2>
D:\STM32CubeProject\Motor_Control_V2.0 - huanqifa\Motor_Control_V2.0\MDK-ARM\Motor_Control_V2.0.uvprojx
Project File Date:  09/11/2025

<h2>Output:</h2>
*** Using Compiler 'V5.06 update 5 (build 528)', folder: 'D:\Keil5\ARM\ARMCC\Bin'
Build target 'Motor_Control_V2.0'
compiling at_command.c...
..\User\Command\at_command.h(71): warning:  #1-D: last line of file ends without a newline
  #endif /* AT_COMMAND_H */
..\User\Command\cmd_motor.h(151): warning:  #1-D: last line of file ends without a newline
  #endif // CMD_MOTOR_H
..\User\Command\cmd_parser.h(15): warning:  #1-D: last line of file ends without a newline
  #endif // CMD_PARSER_H
../User/Utils/log.h(38): warning:  #1-D: last line of file ends without a newline
  #endif // USER_LOG_H
..\User\Command\at_command.c(390): warning:  #1-D: last line of file ends without a newline
  }
..\User\Command\at_command.c: 5 warnings, 0 errors
linking...
Program Size: Code=34828 RO-data=1268 RW-data=140 ZI-data=4460  
FromELF: creating hex file...
"Motor_Control_V2.0\Motor_Control_V2.0" - 0 Error(s), 5 Warning(s).

<h2>Software Packages used:</h2>

Package Vendor: ARM
                http://www.keil.com/pack/ARM.CMSIS.5.0.1.pack
                ARM.CMSIS.5.0.1
                CMSIS (Cortex Microcontroller Software Interface Standard)
   * Component: CORE Version: 5.0.1

Package Vendor: Keil
                http://www.keil.com/pack/Keil.STM32F3xx_DFP.2.2.2.pack
                Keil.STM32F3xx_DFP.2.2.2
                STMicroelectronics STM32F3 Series Device Support and Examples

<h2>Collection of Component include folders:</h2>
  .\RTE\_Motor_Control_V2.0
  D:\Keil5\ARM\PACK\ARM\CMSIS\5.0.1\CMSIS\Include
  D:\Keil5\ARM\PACK\Keil\STM32F3xx_DFP\2.2.2\Drivers\CMSIS\Device\ST\STM32F3xx\Include

<h2>Collection of Component Files used:</h2>

   * Component: ARM::CMSIS:CORE:5.0.1
Build Time Elapsed:  00:00:07
</pre>
</body>
</html>
